Archive member included because of file (symbol)

C:\Users\DAW\AppData\Local\Temp\VMicroBuilds\StepperControlAutodriver\tian/core.a(delay.c.o)
                              C:\Users\DAW\AppData\Local\Temp\VMicroBuilds\StepperControlAutodriver\tian\StepperControlAutodriver.cpp.o (millis)
C:\Users\DAW\AppData\Local\Temp\VMicroBuilds\StepperControlAutodriver\tian/core.a(hooks.c.o)
                              C:\Users\DAW\AppData\Local\Temp\VMicroBuilds\StepperControlAutodriver\tian/core.a(delay.c.o) (yield)
C:\Users\DAW\AppData\Local\Temp\VMicroBuilds\StepperControlAutodriver\tian/core.a(startup.c.o)
                              (Reset_Handler)
C:\Users\DAW\AppData\Local\Temp\VMicroBuilds\StepperControlAutodriver\tian/core.a(wiring.c.o)
                              C:\Users\DAW\AppData\Local\Temp\VMicroBuilds\StepperControlAutodriver\tian/core.a(startup.c.o) (SystemCoreClock)
C:\Users\DAW\AppData\Local\Temp\VMicroBuilds\StepperControlAutodriver\tian/core.a(wiring_digital.c.o)
                              C:\Users\DAW\AppData\Local\Temp\VMicroBuilds\StepperControlAutodriver\tian\StepperControlAutodriver.cpp.o (pinMode)
C:\Users\DAW\AppData\Local\Temp\VMicroBuilds\StepperControlAutodriver\tian/core.a(main.cpp.o)
                              c:/program files (x86)/arduino/hardware/tools/gcc-arm-none-eabi-4.8.3-2014q1/bin/../lib/gcc/arm-none-eabi/4.8.3/../../../../arm-none-eabi/lib/armv6-m/crt0.o (main)
C:\Users\DAW\AppData\Local\Temp\VMicroBuilds\StepperControlAutodriver\tian/core.a(Print.cpp.o)
                              C:\Users\DAW\AppData\Local\Temp\VMicroBuilds\StepperControlAutodriver\tian\StepperControlAutodriver.cpp.o (Print::print(char const*))
C:\Users\DAW\AppData\Local\Temp\VMicroBuilds\StepperControlAutodriver\tian/core.a(SERCOM.cpp.o)
                              C:\Users\DAW\AppData\Local\Temp\VMicroBuilds\StepperControlAutodriver\tian\variant\variant.cpp.o (SERCOM::SERCOM(Sercom*))
C:\Users\DAW\AppData\Local\Temp\VMicroBuilds\StepperControlAutodriver\tian/core.a(Uart.cpp.o)
                              C:\Users\DAW\AppData\Local\Temp\VMicroBuilds\StepperControlAutodriver\tian\variant\variant.cpp.o (Uart::Uart(SERCOM*, unsigned char, unsigned char))
C:\Users\DAW\AppData\Local\Temp\VMicroBuilds\StepperControlAutodriver\tian/core.a(WString.cpp.o)
                              C:\Users\DAW\AppData\Local\Temp\VMicroBuilds\StepperControlAutodriver\tian\StepperControlAutodriver.cpp.o (String::~String())
C:\Users\DAW\AppData\Local\Temp\VMicroBuilds\StepperControlAutodriver\tian/core.a(CDC.cpp.o)
                              C:\Users\DAW\AppData\Local\Temp\VMicroBuilds\StepperControlAutodriver\tian\StepperControlAutodriver.cpp.o (Serial_::read())
C:\Users\DAW\AppData\Local\Temp\VMicroBuilds\StepperControlAutodriver\tian/core.a(USBCore.cpp.o)
                              C:\Users\DAW\AppData\Local\Temp\VMicroBuilds\StepperControlAutodriver\tian/core.a(CDC.cpp.o) (USBD_Send(unsigned long, void const*, unsigned long))
C:\Users\DAW\AppData\Local\Temp\VMicroBuilds\StepperControlAutodriver\tian/core.a(itoa.c.o)
                              C:\Users\DAW\AppData\Local\Temp\VMicroBuilds\StepperControlAutodriver\tian/core.a(WString.cpp.o) (ltoa)
C:\Users\DAW\AppData\Local\Temp\VMicroBuilds\StepperControlAutodriver\tian/core.a(dtostrf.c.o)
                              C:\Users\DAW\AppData\Local\Temp\VMicroBuilds\StepperControlAutodriver\tian/core.a(WString.cpp.o) (dtostrf)
C:\Users\DAW\AppData\Local\Temp\VMicroBuilds\StepperControlAutodriver\tian/core.a(Reset.cpp.o)
                              C:\Users\DAW\AppData\Local\Temp\VMicroBuilds\StepperControlAutodriver\tian/core.a(CDC.cpp.o) (initiateReset)
C:\Users\DAW\AppData\Local\Temp\VMicroBuilds\StepperControlAutodriver\tian/core.a(RingBuffer.cpp.o)
                              C:\Users\DAW\AppData\Local\Temp\VMicroBuilds\StepperControlAutodriver\tian/core.a(Uart.cpp.o) (RingBuffer::RingBuffer())
c:/program files (x86)/arduino/hardware/tools/gcc-arm-none-eabi-4.8.3-2014q1/bin/../lib/gcc/arm-none-eabi/4.8.3/../../../../arm-none-eabi/lib/armv6-m\libstdc++_s.a(pure.o)
                              C:\Users\DAW\AppData\Local\Temp\VMicroBuilds\StepperControlAutodriver\tian/core.a(Print.cpp.o) (__cxa_pure_virtual)
c:/program files (x86)/arduino/hardware/tools/gcc-arm-none-eabi-4.8.3-2014q1/bin/../lib/gcc/arm-none-eabi/4.8.3/../../../../arm-none-eabi/lib/armv6-m\libstdc++_s.a(eh_terminate.o)
                              c:/program files (x86)/arduino/hardware/tools/gcc-arm-none-eabi-4.8.3-2014q1/bin/../lib/gcc/arm-none-eabi/4.8.3/../../../../arm-none-eabi/lib/armv6-m\libstdc++_s.a(pure.o) (std::terminate())
c:/program files (x86)/arduino/hardware/tools/gcc-arm-none-eabi-4.8.3-2014q1/bin/../lib/gcc/arm-none-eabi/4.8.3/../../../../arm-none-eabi/lib/armv6-m\libstdc++_s.a(eh_unex_handler.o)
[...]
Memory Configuration

Name             Origin             Length             Attributes
FLASH            0x00004000         0x0003c000         xr
RAM              0x20000000         0x00008000         xrw
*default*        0x00000000         0xffffffff

Linker script and memory map

LOAD c:/program files (x86)/arduino/hardware/tools/gcc-arm-none-eabi-4.8.3-2014q1/bin/../lib/gcc/arm-none-eabi/4.8.3/armv6-m/crti.o
LOAD c:/program files (x86)/arduino/hardware/tools/gcc-arm-none-eabi-4.8.3-2014q1/bin/../lib/gcc/arm-none-eabi/4.8.3/armv6-m/crtbegin.o
LOAD c:/program files (x86)/arduino/hardware/tools/gcc-arm-none-eabi-4.8.3-2014q1/bin/../lib/gcc/arm-none-eabi/4.8.3/../../../../arm-none-eabi/lib/armv6-m/crt0.o
START GROUP
LOAD c:/program files (x86)/arduino/hardware/tools/gcc-arm-none-eabi-4.8.3-2014q1/bin/../lib/gcc/arm-none-eabi/4.8.3/armv6-m\libgcc.a
END GROUP
START GROUP
LOAD C:\Users\DAW\AppData\Local\Temp\VMicroBuilds\StepperControlAutodriver\tian/core/syscalls.c.o
LOAD C:\Users\DAW\AppData\Local\Temp\VMicroBuilds\StepperControlAutodriver\tian\StepperControlAutodriver.cpp.o
LOAD C:\Users\DAW\AppData\Local\Temp\VMicroBuilds\StepperControlAutodriver\tian\SPI\SPI.cpp.o
LOAD C:\Users\DAW\AppData\Local\Temp\VMicroBuilds\StepperControlAutodriver\tian\VM_DBG\VM_DBG.cpp.o
LOAD C:\Users\DAW\AppData\Local\Temp\VMicroBuilds\StepperControlAutodriver\tian\VM_DBG\VM_mem_check_sam.cpp.o
LOAD C:\Users\DAW\AppData\Local\Temp\VMicroBuilds\StepperControlAutodriver\tian\Axis.cpp.o
LOAD C:\Users\DAW\AppData\Local\Temp\VMicroBuilds\StepperControlAutodriver\tian\Keyframe.cpp.o
LOAD C:\Users\DAW\AppData\Local\Temp\VMicroBuilds\StepperControlAutodriver\tian\SparkFunAutoDriver.cpp.o
LOAD C:\Users\DAW\AppData\Local\Temp\VMicroBuilds\StepperControlAutodriver\tian\SparkFunAutoDriverCommands.cpp.o
LOAD C:\Users\DAW\AppData\Local\Temp\VMicroBuilds\StepperControlAutodriver\tian\SparkFunAutoDriverConfig.cpp.o
LOAD C:\Users\DAW\AppData\Local\Temp\VMicroBuilds\StepperControlAutodriver\tian\SparkFunAutoDriverSupport.cpp.o
LOAD C:\Users\DAW\AppData\Local\Temp\VMicroBuilds\StepperControlAutodriver\tian\variant\variant.cpp.o
LOAD C:\Users\DAW\AppData\Local\Temp\VMicroBuilds\StepperControlAutodriver\tian/core.a
END GROUP
Address of section .text set to 0x4000
LOAD c:/program files (x86)/arduino/hardware/tools/gcc-arm-none-eabi-4.8.3-2014q1/bin/../lib/gcc/arm-none-eabi/4.8.3/../../../../arm-none-eabi/lib/armv6-m\libstdc++_s.a
LOAD c:/program files (x86)/arduino/hardware/tools/gcc-arm-none-eabi-4.8.3-2014q1/bin/../lib/gcc/arm-none-eabi/4.8.3/../../../../arm-none-eabi/lib/armv6-m\libm.a
START GROUP
LOAD c:/program files (x86)/arduino/hardware/tools/gcc-arm-none-eabi-4.8.3-2014q1/bin/../lib/gcc/arm-none-eabi/4.8.3/armv6-m\libgcc.a
LOAD c:/program files (x86)/arduino/hardware/tools/gcc-arm-none-eabi-4.8.3-2014q1/bin/../lib/gcc/arm-none-eabi/4.8.3/../../../../arm-none-eabi/lib/armv6-m\libc_s.a
END GROUP
START GROUP
LOAD c:/program files (x86)/arduino/hardware/tools/gcc-arm-none-eabi-4.8.3-2014q1/bin/../lib/gcc/arm-none-eabi/4.8.3/armv6-m\libgcc.a
LOAD c:/program files (x86)/arduino/hardware/tools/gcc-arm-none-eabi-4.8.3-2014q1/bin/../lib/gcc/arm-none-eabi/4.8.3/../../../../arm-none-eabi/lib/armv6-m\libc_s.a
END GROUP
LOAD c:/program files (x86)/arduino/hardware/tools/gcc-arm-none-eabi-4.8.3-2014q1/bin/../lib/gcc/arm-none-eabi/4.8.3/armv6-m/crtend.o
LOAD c:/program files (x86)/arduino/hardware/tools/gcc-arm-none-eabi-4.8.3-2014q1/bin/../lib/gcc/arm-none-eabi/4.8.3/armv6-m/crtn.o

.text           0x00004000     0xbe18
 *(.isr_vector)
 .isr_vector    0x00004000       0xb0 C:\Users\DAW\AppData\Local\Temp\VMicroBuilds\StepperControlAutodriver\tian/core.a(startup.c.o)
                0x00004000                exception_table
 *(.text*)
 .text          0x000040b0       0x60 c:/program files (x86)/arduino/hardware/tools/gcc-arm-none-eabi-4.8.3-2014q1/bin/../lib/gcc/arm-none-eabi/4.8.3/armv6-m/crtbegin.o
 .text._sbrk    0x00004110       0x30 C:\Users\DAW\AppData\Local\Temp\VMicroBuilds\StepperControlAutodriver\tian/core/syscalls.c.o
                0x00004110                _sbrk
 .text._close   0x00004140        0x6 C:\Users\DAW\AppData\Local\Temp\VMicroBuilds\StepperControlAutodriver\tian/core/syscalls.c.o
                0x00004140                _close
 .text._fstat   0x00004146        0xa C:\Users\DAW\AppData\Local\Temp\VMicroBuilds\StepperControlAutodriver\tian/core/syscalls.c.o
                0x00004146                _fstat
 .text._isatty  0x00004150        0x4 C:\Users\DAW\AppData\Local\Temp\VMicroBuilds\StepperControlAutodriver\tian/core/syscalls.c.o
                0x00004150                _isatty
 .text._lseek   0x00004154        0x4 C:\Users\DAW\AppData\Local\Temp\VMicroBuilds\StepperControlAutodriver\tian/core/syscalls.c.o
                0x00004154                _lseek
 .text._read    0x00004158        0x4 C:\Users\DAW\AppData\Local\Temp\VMicroBuilds\StepperControlAutodriver\tian/core/syscalls.c.o
                0x00004158                _read
 .text._write   0x0000415c       0x20 C:\Users\DAW\AppData\Local\Temp\VMicroBuilds\StepperControlAutodriver\tian/core/syscalls.c.o
                0x0000415c                _write
 .text._exit    0x0000417c       0x10 C:\Users\DAW\AppData\Local\Temp\VMicroBuilds\StepperControlAutodriver\tian/core/syscalls.c.o
                0x0000417c                _exit
 .text._kill    0x0000418c        0x2 C:\Users\DAW\AppData\Local\Temp\VMicroBuilds\StepperControlAutodriver\tian/core/syscalls.c.o
                0x0000418c                _kill
 .text._getpid  0x0000418e        0x6 C:\Users\DAW\AppData\Local\Temp\VMicroBuilds\StepperControlAutodriver\tian/core/syscalls.c.o
                0x0000418e                _getpid
 .text._ZN11ArduinoJson9Internals15BlockJsonBufferINS0_16DefaultAllocatorEED2Ev
                0x00004194       0x20 C:\Users\DAW\AppData\Local\Temp\VMicroBuilds\StepperControlAutodriver\tian\StepperControlAutodriver.cpp.o
                0x00004194                ArduinoJson::Internals::BlockJsonBuffer<ArduinoJson::Internals::DefaultAllocator>::~BlockJsonBuffer()
                0x00004194                ArduinoJson::Internals::BlockJsonBuffer<ArduinoJson::Internals::DefaultAllocator>::~BlockJsonBuffer()
 .text._ZNK11ArduinoJson10JsonObject9getNodeAtEPKc.isra.13
                0x000041b4       0x1e C:\Users\DAW\AppData\Local\Temp\VMicroBuilds\StepperControlAutodriver\tian\StepperControlAutodriver.cpp.o
 .text._ZN11ArduinoJson9Internals15BlockJsonBufferINS0_16DefaultAllocatorEE5allocEj
                0x000041d2       0x52 C:\Users\DAW\AppData\Local\Temp\VMicroBuilds\StepperControlAutodriver\tian\StepperControlAutodriver.cpp.o
                0x000041d2                ArduinoJson::Internals::BlockJsonBuffer<ArduinoJson::Internals::DefaultAllocator>::alloc(unsigned int)
 .text._ZNK6StringneEPKc
                0x00004224        0xe C:\Users\DAW\AppData\Local\Temp\VMicroBuilds\StepperControlAutodriver\tian\StepperControlAutodriver.cpp.o
                0x00004224                String::operator!=(char const*) const
 .text._ZN11ArduinoJson9Internals10JsonWriter8writeRawEPKc
                0x00004232       0x12 C:\Users\DAW\AppData\Local\Temp\VMicroBuilds\StepperControlAutodriver\tian\StepperControlAutodriver.cpp.o
                0x00004232                ArduinoJson::Internals::JsonWriter::writeRaw(char const*)
 .text._ZN11ArduinoJson9Internals10JsonWriter12writeIntegerEm
                0x00004244       0x3a C:\Users\DAW\AppData\Local\Temp\VMicroBuilds\StepperControlAutodriver\tian\StepperControlAutodriver.cpp.o
                0x00004244                ArduinoJson::Internals::JsonWriter::writeInteger(unsigned long)
 .text._ZN11ArduinoJson9Internals10JsonWriter8writeRawEc
                0x0000427e       0x14 C:\Users\DAW\AppData\Local\Temp\VMicroBuilds\StepperControlAutodriver\tian\StepperControlAutodriver.cpp.o
                0x0000427e                ArduinoJson::Internals::JsonWriter::writeRaw(char)
 *fill*         0x00004292        0x2 
 .text._ZN11ArduinoJson9Internals10JsonWriter11writeStringEPKc
                0x00004294       0x58 C:\Users\DAW\AppData\Local\Temp\VMicroBuilds\StepperControlAutodriver\tian\StepperControlAutodriver.cpp.o
                0x00004294                ArduinoJson::Internals::JsonWriter::writeString(char const*)
 *fill*         0x000042ec        0x4 
 .text._ZN11ArduinoJson9Internals10JsonWriter12getLastDigitEh
                0x000042f0       0x58 C:\Users\DAW\AppData\Local\Temp\VMicroBuilds\StepperControlAutodriver\tian\StepperControlAutodriver.cpp.o
                0x000042f0                ArduinoJson::Internals::JsonWriter::getLastDigit(unsigned char)
 .text._ZN11ArduinoJson9Internals10JsonWriter10writeFloatEfh
                0x00004348      0x170 C:\Users\DAW\AppData\Local\Temp\VMicroBuilds\StepperControlAutodriver\tian\StepperControlAutodriver.cpp.o
                0x00004348                ArduinoJson::Internals::JsonWriter::writeFloat(float, unsigned char)
 .text._ZN11ArduinoJson9Internals19JsonBufferAllocatednwEjPNS_10JsonBufferE
                0x000044b8       0x12 C:\Users\DAW\AppData\Local\Temp\VMicroBuilds\StepperControlAutodriver\tian\StepperControlAutodriver.cpp.o
                0x000044b8                ArduinoJson::Internals::JsonBufferAllocated::operator new(unsigned int, ArduinoJson::JsonBuffer*)
 *fill*         0x000044ca        0x2 
 .text._ZN11ArduinoJson10JsonObject7invalidEv
                0x000044cc       0x30 C:\Users\DAW\AppData\Local\Temp\VMicroBuilds\StepperControlAutodriver\tian\StepperControlAutodriver.cpp.o
                0x000044cc                ArduinoJson::JsonObject::invalid()
 .text._ZN11ArduinoJson9Internals14JsonSerializer9serializeERKNS_11JsonVariantERNS0_10JsonWriterE
                0x000044fc       0x9c C:\Users\DAW\AppData\Local\Temp\VMicroBuilds\StepperControlAutodriver\tian\StepperControlAutodriver.cpp.o
                0x000044fc                ArduinoJson::Internals::JsonSerializer::serialize(ArduinoJson::JsonVariant const&, ArduinoJson::Internals::JsonWriter&)
 .text._ZN11ArduinoJson9Internals14JsonSerializer9serializeERKNS_10JsonObjectERNS0_10JsonWriterE
                0x00004598       0x48 C:\Users\DAW\AppData\Local\Temp\VMicroBuilds\StepperControlAutodriver\tian\StepperControlAutodriver.cpp.o
                0x00004598                ArduinoJson::Internals::JsonSerializer::serialize(ArduinoJson::JsonObject const&, ArduinoJson::Internals::JsonWriter&)
 .text._ZN11ArduinoJson10JsonBuffer12createObjectEv
                0x000045e0       0x1e C:\Users\DAW\AppData\Local\Temp\VMicroBuilds\StepperControlAutodriver\tian\StepperControlAutodriver.cpp.o
                0x000045e0                ArduinoJson::JsonBuffer::createObject()
 *fill*         0x000045fe        0x2 
 .text._Z12parseCommandP6String
                0x00004600       0xa0 C:\Users\DAW\AppData\Local\Temp\VMicroBuilds\StepperControlAutodriver\tian\StepperControlAutodriver.cpp.o
                0x00004600                parseCommand(String*)
 .text._Z5debug6String
                0x000046a0       0x10 C:\Users\DAW\AppData\Local\Temp\VMicroBuilds\StepperControlAutodriver\tian\StepperControlAutodriver.cpp.o
                0x000046a0                debug(String)
 .text._Z26initializeKeyframeSequenceP4Axis
                0x000046b0      0x388 C:\Users\DAW\AppData\Local\Temp\VMicroBuilds\StepperControlAutodriver\tian\StepperControlAutodriver.cpp.o
                0x000046b0                initializeKeyframeSequence(Axis*)
 .text._Z7process6String
                0x00004a38      0x730 C:\Users\DAW\AppData\Local\Temp\VMicroBuilds\StepperControlAutodriver\tian\StepperControlAutodriver.cpp.o
                0x00004a38                process(String)
 .text._ZN11ArduinoJson9Internals4ListINS_8JsonPairEE10addNewNodeEv
                0x00005168       0x2e C:\Users\DAW\AppData\Local\Temp\VMicroBuilds\StepperControlAutodriver\tian\StepperControlAutodriver.cpp.o
                0x00005168                ArduinoJson::Internals::List<ArduinoJson::JsonPair>::addNewNode()
 .text.startup._ZN11ArduinoJson10JsonObject18createNestedObjectENS_13JsonObjectKeyE.isra.24.constprop.37
                0x00005196       0x44 C:\Users\DAW\AppData\Local\Temp\VMicroBuilds\StepperControlAutodriver\tian\StepperControlAutodriver.cpp.o
 .text._ZN11ArduinoJson19JsonObjectSubscriptIPKcEaSIlEERNS_10TypeTraits8EnableIfIXsrNS_10JsonObject6CanSetIT_EE5valueES3_E4typeES9_
                0x000051da       0x36 C:\Users\DAW\AppData\Local\Temp\VMicroBuilds\StepperControlAutodriver\tian\StepperControlAutodriver.cpp.o
                0x000051da                ArduinoJson::TypeTraits::EnableIf<ArduinoJson::JsonObject::CanSet<long>::value, ArduinoJson::JsonObjectSubscript<char const*> >::type& ArduinoJson::JsonObjectSubscript<char const*>::operator=<long>(long)
 .text.startup._GLOBAL__sub_I___VisualMicro_DEBUG_1_HITCOUNTER__
                0x00005210       0xa0 C:\Users\DAW\AppData\Local\Temp\VMicroBuilds\StepperControlAutodriver\tian\StepperControlAutodriver.cpp.o
 .text.setup    0x000052b0      0x1cc C:\Users\DAW\AppData\Local\Temp\VMicroBuilds\StepperControlAutodriver\tian\StepperControlAutodriver.cpp.o
                0x000052b0                setup
 .text.loop     0x0000547c      0x1d4 C:\Users\DAW\AppData\Local\Temp\VMicroBuilds\StepperControlAutodriver\tian\StepperControlAutodriver.cpp.o
                0x0000547c                loop
 .text._ZN8SPIClass5beginEv
                0x00005650       0x60 C:\Users\DAW\AppData\Local\Temp\VMicroBuilds\StepperControlAutodriver\tian\SPI\SPI.cpp.o
                0x00005650                SPIClass::begin()
 .text._ZN8SPIClass3endEv
                0x000056b0        0xa C:\Users\DAW\AppData\Local\Temp\VMicroBuilds\StepperControlAutodriver\tian\SPI\SPI.cpp.o
                0x000056b0                SPIClass::end()
 *fill*         0x000056ba        0x2 
 .text._ZN8SPIClass16beginTransactionE11SPISettings
                0x000056bc       0xc0 C:\Users\DAW\AppData\Local\Temp\VMicroBuilds\StepperControlAutodriver\tian\SPI\SPI.cpp.o
                0x000056bc                SPIClass::beginTransaction(SPISettings)
 .text._ZN8SPIClass14endTransactionEv
                0x0000577c        0x8 C:\Users\DAW\AppData\Local\Temp\VMicroBuilds\StepperControlAutodriver\tian\SPI\SPI.cpp.o
                0x0000577c                SPIClass::endTransaction()
 .text._ZN8SPIClass11setDataModeEh
                0x00005784       0x30 C:\Users\DAW\AppData\Local\Temp\VMicroBuilds\StepperControlAutodriver\tian\SPI\SPI.cpp.o
                0x00005784                SPIClass::setDataMode(unsigned char)
 .text._ZN8SPIClass8transferEPvj
                0x000057b4       0x5c C:\Users\DAW\AppData\Local\Temp\VMicroBuilds\StepperControlAutodriver\tian\SPI\SPI.cpp.o
                0x000057b4                SPIClass::transfer(void*, unsigned int)
 .text.startup._GLOBAL__sub_I__ZN8SPIClassC2EP6SERCOMhhh
                0x00005810       0x1c C:\Users\DAW\AppData\Local\Temp\VMicroBuilds\StepperControlAutodriver\tian\SPI\SPI.cpp.o
 .text._ZN16VisualMicroDebug14outPacketStartEb
                0x0000582c       0x24 C:\Users\DAW\AppData\Local\Temp\VMicroBuilds\StepperControlAutodriver\tian\VM_DBG\VM_DBG.cpp.o
                0x0000582c                VisualMicroDebug::outPacketStart(bool)
 .text._ZN16VisualMicroDebug14outPacketStartEv
                0x00005850        0xa C:\Users\DAW\AppData\Local\Temp\VMicroBuilds\StepperControlAutodriver\tian\VM_DBG\VM_DBG.cpp.o
                0x00005850                VisualMicroDebug::outPacketStart()
 .text._ZN16VisualMicroDebug5beginEP7Serial_m
                0x0000585a       0x2e C:\Users\DAW\AppData\Local\Temp\VMicroBuilds\StepperControlAutodriver\tian\VM_DBG\VM_DBG.cpp.o
                0x0000585a                VisualMicroDebug::begin(Serial_*, unsigned long)
 .text._ZN16VisualMicroDebug4initEm
                0x00005888       0x14 C:\Users\DAW\AppData\Local\Temp\VMicroBuilds\StepperControlAutodriver\tian\VM_DBG\VM_DBG.cpp.o
                0x00005888                VisualMicroDebug::init(unsigned long)
 .text._ZN16VisualMicroDebug16sendContinuedACKEh
                0x0000589c       0x30 C:\Users\DAW\AppData\Local\Temp\VMicroBuilds\StepperControlAutodriver\tian\VM_DBG\VM_DBG.cpp.o
                0x0000589c                VisualMicroDebug::sendContinuedACK(unsigned char)
 .text._ZN16VisualMicroDebug9breakWaitEh
                0x000058cc       0x54 C:\Users\DAW\AppData\Local\Temp\VMicroBuilds\StepperControlAutodriver\tian\VM_DBG\VM_DBG.cpp.o
                0x000058cc                VisualMicroDebug::breakWait(unsigned char)
 .text._ZN16VisualMicroDebug5startEbb
                0x00005920       0x18 C:\Users\DAW\AppData\Local\Temp\VMicroBuilds\StepperControlAutodriver\tian\VM_DBG\VM_DBG.cpp.o
                0x00005920                VisualMicroDebug::start(bool, bool)
 .text._ZN4Axis5debugE6String.isra.0
                0x00005938       0x10 C:\Users\DAW\AppData\Local\Temp\VMicroBuilds\StepperControlAutodriver\tian\Axis.cpp.o
 .text._ZN4AxisC2Eiiii
                0x00005948       0x48 C:\Users\DAW\AppData\Local\Temp\VMicroBuilds\StepperControlAutodriver\tian\Axis.cpp.o
                0x00005948                Axis::Axis(int, int, int, int)
                0x00005948                Axis::Axis(int, int, int, int)
 .text._ZN4Axis20stopKeyframeSequenceEv
                0x00005990       0x34 C:\Users\DAW\AppData\Local\Temp\VMicroBuilds\StepperControlAutodriver\tian\Axis.cpp.o
                0x00005990                Axis::stopKeyframeSequence()
 .text._ZN4Axis12getDirectionEP8KeyframeS1_
                0x000059c4       0x1a C:\Users\DAW\AppData\Local\Temp\VMicroBuilds\StepperControlAutodriver\tian\Axis.cpp.o
                0x000059c4                Axis::getDirection(Keyframe*, Keyframe*)
 *fill*         0x000059de        0x2 
 .text._ZN4Axis12nextKeyframeEv
                0x000059e0      0x250 C:\Users\DAW\AppData\Local\Temp\VMicroBuilds\StepperControlAutodriver\tian\Axis.cpp.o
                0x000059e0                Axis::nextKeyframe()
 .text._ZN4Axis21startKeyframeSequenceEv
                0x00005c30       0x38 C:\Users\DAW\AppData\Local\Temp\VMicroBuilds\StepperControlAutodriver\tian\Axis.cpp.o
                0x00005c30                Axis::startKeyframeSequence()
 .text._ZN4Axis17markStartSoftStopEv
                0x00005c68       0x2c C:\Users\DAW\AppData\Local\Temp\VMicroBuilds\StepperControlAutodriver\tian\Axis.cpp.o
                0x00005c68                Axis::markStartSoftStop()
 .text._ZN4Axis16setStartSoftStopEl
                0x00005c94       0x1e C:\Users\DAW\AppData\Local\Temp\VMicroBuilds\StepperControlAutodriver\tian\Axis.cpp.o
                0x00005c94                Axis::setStartSoftStop(long)
 .text._ZN4Axis16getStartSoftStopEv
                0x00005cb2        0x6 C:\Users\DAW\AppData\Local\Temp\VMicroBuilds\StepperControlAutodriver\tian\Axis.cpp.o
                0x00005cb2                Axis::getStartSoftStop()
 .text._ZN4Axis15markEndSoftStopEv
                0x00005cb8       0x2c C:\Users\DAW\AppData\Local\Temp\VMicroBuilds\StepperControlAutodriver\tian\Axis.cpp.o
                0x00005cb8                Axis::markEndSoftStop()
 .text._ZN4Axis14setEndSoftStopEl
                0x00005ce4       0x1e C:\Users\DAW\AppData\Local\Temp\VMicroBuilds\StepperControlAutodriver\tian\Axis.cpp.o
                0x00005ce4                Axis::setEndSoftStop(long)
 .text._ZN4Axis14getEndSoftStopEv
                0x00005d02        0x6 C:\Users\DAW\AppData\Local\Temp\VMicroBuilds\StepperControlAutodriver\tian\Axis.cpp.o
                0x00005d02                Axis::getEndSoftStop()
 .text._ZN4Axis4stopEv
                0x00005d08        0x8 C:\Users\DAW\AppData\Local\Temp\VMicroBuilds\StepperControlAutodriver\tian\Axis.cpp.o
                0x00005d08                Axis::stop()
 .text._ZN8KeyframeC2Ev
                0x00005d10       0x12 C:\Users\DAW\AppData\Local\Temp\VMicroBuilds\StepperControlAutodriver\tian\Keyframe.cpp.o
                0x00005d10                Keyframe::Keyframe()
                0x00005d10                Keyframe::Keyframe()
 .text._ZN8Keyframe11setPositionEl
                0x00005d22        0x4 C:\Users\DAW\AppData\Local\Temp\VMicroBuilds\StepperControlAutodriver\tian\Keyframe.cpp.o
                0x00005d22                Keyframe::setPosition(long)
 .text._ZN8Keyframe11getPositionEv
                0x00005d26        0x4 C:\Users\DAW\AppData\Local\Temp\VMicroBuilds\StepperControlAutodriver\tian\Keyframe.cpp.o
                0x00005d26                Keyframe::getPosition()
 .text._ZN8Keyframe8setSpeedEf
                0x00005d2a        0x4 C:\Users\DAW\AppData\Local\Temp\VMicroBuilds\StepperControlAutodriver\tian\Keyframe.cpp.o
                0x00005d2a                Keyframe::setSpeed(float)
 .text._ZN8Keyframe8getSpeedEv
                0x00005d2e        0x4 C:\Users\DAW\AppData\Local\Temp\VMicroBuilds\StepperControlAutodriver\tian\Keyframe.cpp.o
                0x00005d2e                Keyframe::getSpeed()
 .text._ZN8Keyframe6setAccEf
                0x00005d32        0x4 C:\Users\DAW\AppData\Local\Temp\VMicroBuilds\StepperControlAutodriver\tian\Keyframe.cpp.o
                0x00005d32                Keyframe::setAcc(float)
 .text._ZN8Keyframe6getAccEv
                0x00005d36        0x4 C:\Users\DAW\AppData\Local\Temp\VMicroBuilds\StepperControlAutodriver\tian\Keyframe.cpp.o
                0x00005d36                Keyframe::getAcc()
 .text._ZN8Keyframe6setDecEf
                0x00005d3a        0x4 C:\Users\DAW\AppData\Local\Temp\VMicroBuilds\StepperControlAutodriver\tian\Keyframe.cpp.o
                0x00005d3a                Keyframe::setDec(float)
 .text._ZN8Keyframe6getDecEv
                0x00005d3e        0x4 C:\Users\DAW\AppData\Local\Temp\VMicroBuilds\StepperControlAutodriver\tian\Keyframe.cpp.o
                0x00005d3e                Keyframe::getDec()
 *fill*         0x00005d42        0x2 
 .text._ZN10AutoDriverC2Eiiii
                0x00005d44       0x20 C:\Users\DAW\AppData\Local\Temp\VMicroBuilds\StepperControlAutodriver\tian\SparkFunAutoDriver.cpp.o
                0x00005d44                AutoDriver::AutoDriver(int, int, int, int)
                0x00005d44                AutoDriver::AutoDriver(int, int, int, int)
 .text._ZN10AutoDriver14SPIPortConnectEP8SPIClass
                0x00005d64        0x4 C:\Users\DAW\AppData\Local\Temp\VMicroBuilds\StepperControlAutodriver\tian\SparkFunAutoDriver.cpp.o
                0x00005d64                AutoDriver::SPIPortConnect(SPIClass*)
 .text._ZN10AutoDriver8setParamEhm
                0x00005d68       0x18 C:\Users\DAW\AppData\Local\Temp\VMicroBuilds\StepperControlAutodriver\tian\SparkFunAutoDriverCommands.cpp.o
                0x00005d68                AutoDriver::setParam(unsigned char, unsigned long)
 .text._ZN10AutoDriver8getParamEh
                0x00005d80       0x1a C:\Users\DAW\AppData\Local\Temp\VMicroBuilds\StepperControlAutodriver\tian\SparkFunAutoDriverCommands.cpp.o
                0x00005d80                AutoDriver::getParam(unsigned char)
 *fill*         0x00005d9a        0x2 
 .text._ZN10AutoDriver6getPosEv
                0x00005d9c       0x18 C:\Users\DAW\AppData\Local\Temp\VMicroBuilds\StepperControlAutodriver\tian\SparkFunAutoDriverCommands.cpp.o
                0x00005d9c                AutoDriver::getPos()
 .text._ZN10AutoDriver3runEhf
                0x00005db4       0x48 C:\Users\DAW\AppData\Local\Temp\VMicroBuilds\StepperControlAutodriver\tian\SparkFunAutoDriverCommands.cpp.o
                0x00005db4                AutoDriver::run(unsigned char, float)
 .text._ZN10AutoDriver4moveEhm
                0x00005dfc       0x3c C:\Users\DAW\AppData\Local\Temp\VMicroBuilds\StepperControlAutodriver\tian\SparkFunAutoDriverCommands.cpp.o
                0x00005dfc                AutoDriver::move(unsigned char, unsigned long)
 .text._ZN10AutoDriver4goToEl
                0x00005e38       0x3c C:\Users\DAW\AppData\Local\Temp\VMicroBuilds\StepperControlAutodriver\tian\SparkFunAutoDriverCommands.cpp.o
                0x00005e38                AutoDriver::goTo(long)
 .text._ZN10AutoDriver7goToDirEhl
                0x00005e74       0x3c C:\Users\DAW\AppData\Local\Temp\VMicroBuilds\StepperControlAutodriver\tian\SparkFunAutoDriverCommands.cpp.o
                0x00005e74                AutoDriver::goToDir(unsigned char, long)
 .text._ZN10AutoDriver6goHomeEv
                0x00005eb0        0xa C:\Users\DAW\AppData\Local\Temp\VMicroBuilds\StepperControlAutodriver\tian\SparkFunAutoDriverCommands.cpp.o
                0x00005eb0                AutoDriver::goHome()
 .text._ZN10AutoDriver8resetPosEv
                0x00005eba        0xa C:\Users\DAW\AppData\Local\Temp\VMicroBuilds\StepperControlAutodriver\tian\SparkFunAutoDriverCommands.cpp.o
                0x00005eba                AutoDriver::resetPos()
 .text._ZN10AutoDriver7softHiZEv
                0x00005ec4        0xa C:\Users\DAW\AppData\Local\Temp\VMicroBuilds\StepperControlAutodriver\tian\SparkFunAutoDriverCommands.cpp.o
                0x00005ec4                AutoDriver::softHiZ()
 .text._ZN10AutoDriver7hardHiZEv
                0x00005ece        0xa C:\Users\DAW\AppData\Local\Temp\VMicroBuilds\StepperControlAutodriver\tian\SparkFunAutoDriverCommands.cpp.o
                0x00005ece                AutoDriver::hardHiZ()
 .text._ZN10AutoDriver14configStepModeEh
                0x00005ed8       0x20 C:\Users\DAW\AppData\Local\Temp\VMicroBuilds\StepperControlAutodriver\tian\SparkFunAutoDriverConfig.cpp.o
                0x00005ed8                AutoDriver::configStepMode(unsigned char)
 .text._ZN10AutoDriver11getStepModeEv
                0x00005ef8        0xe C:\Users\DAW\AppData\Local\Temp\VMicroBuilds\StepperControlAutodriver\tian\SparkFunAutoDriverConfig.cpp.o
                0x00005ef8                AutoDriver::getStepMode()
 .text._ZN10AutoDriver11setMaxSpeedEf
                0x00005f06       0x14 C:\Users\DAW\AppData\Local\Temp\VMicroBuilds\StepperControlAutodriver\tian\SparkFunAutoDriverConfig.cpp.o
                0x00005f06                AutoDriver::setMaxSpeed(float)
 .text._ZN10AutoDriver6setAccEf
                0x00005f1a       0x14 C:\Users\DAW\AppData\Local\Temp\VMicroBuilds\StepperControlAutodriver\tian\SparkFunAutoDriverConfig.cpp.o
                0x00005f1a                AutoDriver::setAcc(float)
 .text._ZN10AutoDriver6setDecEf
                0x00005f2e       0x14 C:\Users\DAW\AppData\Local\Temp\VMicroBuilds\StepperControlAutodriver\tian\SparkFunAutoDriverConfig.cpp.o
                0x00005f2e                AutoDriver::setDec(float)
 .text._ZN10AutoDriver10setAccKVALEh
                0x00005f42        0xc C:\Users\DAW\AppData\Local\Temp\VMicroBuilds\StepperControlAutodriver\tian\SparkFunAutoDriverConfig.cpp.o
                0x00005f42                AutoDriver::setAccKVAL(unsigned char)
 .text._ZN10AutoDriver10setDecKVALEh
                0x00005f4e        0xc C:\Users\DAW\AppData\Local\Temp\VMicroBuilds\StepperControlAutodriver\tian\SparkFunAutoDriverConfig.cpp.o
                0x00005f4e                AutoDriver::setDecKVAL(unsigned char)
 .text._ZN10AutoDriver10setRunKVALEh
                0x00005f5a        0xc C:\Users\DAW\AppData\Local\Temp\VMicroBuilds\StepperControlAutodriver\tian\SparkFunAutoDriverConfig.cpp.o
                0x00005f5a                AutoDriver::setRunKVAL(unsigned char)
 .text._ZN10AutoDriver11setHoldKVALEh
                0x00005f66        0xc C:\Users\DAW\AppData\Local\Temp\VMicroBuilds\StepperControlAutodriver\tian\SparkFunAutoDriverConfig.cpp.o
                0x00005f66                AutoDriver::setHoldKVAL(unsigned char)
 *fill*         0x00005f72        0x6 
 .text._ZN10AutoDriver7accCalcEf
                0x00005f78       0x38 C:\Users\DAW\AppData\Local\Temp\VMicroBuilds\StepperControlAutodriver\tian\SparkFunAutoDriverSupport.cpp.o
                0x00005f78                AutoDriver::accCalc(float)
 .text._ZN10AutoDriver7decCalcEf
                0x00005fb0       0x38 C:\Users\DAW\AppData\Local\Temp\VMicroBuilds\StepperControlAutodriver\tian\SparkFunAutoDriverSupport.cpp.o
                0x00005fb0                AutoDriver::decCalc(float)
 .text._ZN10AutoDriver10maxSpdCalcEf
                0x00005fe8       0x38 C:\Users\DAW\AppData\Local\Temp\VMicroBuilds\StepperControlAutodriver\tian\SparkFunAutoDriverSupport.cpp.o
                0x00005fe8                AutoDriver::maxSpdCalc(float)
 .text._ZN10AutoDriver7spdCalcEf
                0x00006020       0x30 C:\Users\DAW\AppData\Local\Temp\VMicroBuilds\StepperControlAutodriver\tian\SparkFunAutoDriverSupport.cpp.o
                0x00006020                AutoDriver::spdCalc(float)
 .text._ZN10AutoDriver7SPIXferEh
                0x00006050       0x6c C:\Users\DAW\AppData\Local\Temp\VMicroBuilds\StepperControlAutodriver\tian\SparkFunAutoDriverSupport.cpp.o
                0x00006050                AutoDriver::SPIXfer(unsigned char)
 .text._ZN10AutoDriver9xferParamEmh
                0x000060bc       0x50 C:\Users\DAW\AppData\Local\Temp\VMicroBuilds\StepperControlAutodriver\tian\SparkFunAutoDriverSupport.cpp.o
                0x000060bc                AutoDriver::xferParam(unsigned long, unsigned char)
 .text._ZN10AutoDriver12paramHandlerEhm
                0x0000610c       0x82 C:\Users\DAW\AppData\Local\Temp\VMicroBuilds\StepperControlAutodriver\tian\SparkFunAutoDriverSupport.cpp.o
                0x0000610c                AutoDriver::paramHandler(unsigned char, unsigned long)
 *fill*         0x0000618e        0x2 
 .text.startup._GLOBAL__sub_I_g_APinDescription
                0x00006190       0x88 C:\Users\DAW\AppData\Local\Temp\VMicroBuilds\StepperControlAutodriver\tian\variant\variant.cpp.o
 .text.millis   0x00006218        0xc C:\Users\DAW\AppData\Local\Temp\VMicroBuilds\StepperControlAutodriver\tian/core.a(delay.c.o)
                0x00006218                millis
 .text.delay    0x00006224       0x20 C:\Users\DAW\AppData\Local\Temp\VMicroBuilds\StepperControlAutodriver\tian/core.a(delay.c.o)
                0x00006224                delay
 .text.SysTick_Handler
                0x00006244       0x10 C:\Users\DAW\AppData\Local\Temp\VMicroBuilds\StepperControlAutodriver\tian/core.a(delay.c.o)
                0x00006244                SysTick_Handler
 .text.__empty  0x00006254        0x2 C:\Users\DAW\AppData\Local\Temp\VMicroBuilds\StepperControlAutodriver\tian/core.a(hooks.c.o)
                0x00006254                yield
 .text.Dummy_Handler
                0x00006256        0x2 C:\Users\DAW\AppData\Local\Temp\VMicroBuilds\StepperControlAutodriver\tian/core.a(startup.c.o)
                0x00006256                DMAC_Handler
                0x00006256                HardFault_Handler
                0x00006256                AC_Handler
                0x00006256                PendSV_Handler
                0x00006256                NMI_Handler
                0x00006256                TC7_Handler
                0x00006256                SERCOM1_Handler
                0x00006256                ADC_Handler
                0x00006256                TCC1_Handler
                0x00006256                SERCOM2_Handler
                0x00006256                TCC0_Handler
                0x00006256                RTC_Handler
                0x00006256                EIC_Handler
                0x00006256                TC6_Handler
                0x00006256                WDT_Handler
                0x00006256                TC4_Handler
                0x00006256                TC3_Handler
                0x00006256                Dummy_Handler
                0x00006256                PM_Handler
                0x00006256                SVC_Handler
                0x00006256                TCC2_Handler
                0x00006256                EVSYS_Handler
                0x00006256                SERCOM3_Handler
                0x00006256                SERCOM4_Handler
                0x00006256                I2S_Handler
                0x00006256                NVMCTRL_Handler
                0x00006256                DAC_Handler
                0x00006256                PTC_Handler
                0x00006256                TC5_Handler
                0x00006256                SYSCTRL_Handler
 .text.USB_Handler
                0x00006258       0x14 C:\Users\DAW\AppData\Local\Temp\VMicroBuilds\StepperControlAutodriver\tian/core.a(startup.c.o)
                0x00006258                USB_Handler
 .text.SystemInit
                0x0000626c      0x154 C:\Users\DAW\AppData\Local\Temp\VMicroBuilds\StepperControlAutodriver\tian/core.a(startup.c.o)
                0x0000626c                SystemInit
 .text.Reset_Handler
                0x000063c0       0x58 C:\Users\DAW\AppData\Local\Temp\VMicroBuilds\StepperControlAutodriver\tian/core.a(startup.c.o)
                0x000063c0                Reset_Handler
 .text.USB_SetHandler
                0x00006418        0xc C:\Users\DAW\AppData\Local\Temp\VMicroBuilds\StepperControlAutodriver\tian/core.a(startup.c.o)
                0x00006418                USB_SetHandler
 .text.init     0x00006424       0xd0 C:\Users\DAW\AppData\Local\Temp\VMicroBuilds\StepperControlAutodriver\tian/core.a(wiring.c.o)
                0x00006424                init
 .text.pinMode  0x000064f4       0x78 C:\Users\DAW\AppData\Local\Temp\VMicroBuilds\StepperControlAutodriver\tian/core.a(wiring_digital.c.o)
                0x000064f4                pinMode
 .text.pinPeripheral
                0x0000656c       0xc4 C:\Users\DAW\AppData\Local\Temp\VMicroBuilds\StepperControlAutodriver\tian/core.a(wiring_digital.c.o)
                0x0000656c                pinPeripheral
 .text.digitalWrite
                0x00006630       0x50 C:\Users\DAW\AppData\Local\Temp\VMicroBuilds\StepperControlAutodriver\tian/core.a(wiring_digital.c.o)
                0x00006630                digitalWrite
 .text.startup.main
                0x00006680       0x38 C:\Users\DAW\AppData\Local\Temp\VMicroBuilds\StepperControlAutodriver\tian/core.a(main.cpp.o)
                0x00006680                main
 .text._ZN5Print5writeEPKhj
                0x000066b8       0x22 C:\Users\DAW\AppData\Local\Temp\VMicroBuilds\StepperControlAutodriver\tian/core.a(Print.cpp.o)
                0x000066b8                Print::write(unsigned char const*, unsigned int)
 .text._ZN5Print5writeEPKc
                0x000066da       0x1c C:\Users\DAW\AppData\Local\Temp\VMicroBuilds\StepperControlAutodriver\tian/core.a(Print.cpp.o)
                0x000066da                Print::write(char const*)
 .text._ZN5Print5printERK6String
                0x000066f6       0x10 C:\Users\DAW\AppData\Local\Temp\VMicroBuilds\StepperControlAutodriver\tian/core.a(Print.cpp.o)
                0x000066f6                Print::print(String const&)
 .text._ZN5Print5printEPKc
                0x00006706        0x8 C:\Users\DAW\AppData\Local\Temp\VMicroBuilds\StepperControlAutodriver\tian/core.a(Print.cpp.o)
                0x00006706                Print::print(char const*)
 *fill*         0x0000670e        0x2 
 .text._ZN5Print7printlnEv
                0x00006710       0x10 C:\Users\DAW\AppData\Local\Temp\VMicroBuilds\StepperControlAutodriver\tian/core.a(Print.cpp.o)
                0x00006710                Print::println()
 .text._ZN5Print7printlnERK6String
                0x00006720       0x14 C:\Users\DAW\AppData\Local\Temp\VMicroBuilds\StepperControlAutodriver\tian/core.a(Print.cpp.o)
                0x00006720                Print::println(String const&)
 .text._ZN5Print11printNumberEmh
                0x00006734       0x4e C:\Users\DAW\AppData\Local\Temp\VMicroBuilds\StepperControlAutodriver\tian/core.a(Print.cpp.o)
                0x00006734                Print::printNumber(unsigned long, unsigned char)
 .text._ZN5Print5printEmi
                0x00006782       0x18 C:\Users\DAW\AppData\Local\Temp\VMicroBuilds\StepperControlAutodriver\tian/core.a(Print.cpp.o)
                0x00006782                Print::print(unsigned long, int)
 .text._ZN5Print5printEhi
                0x0000679a        0x8 C:\Users\DAW\AppData\Local\Temp\VMicroBuilds\StepperControlAutodriver\tian/core.a(Print.cpp.o)
                0x0000679a                Print::print(unsigned char, int)
 .text._ZN6SERCOMC2EP6Sercom
                0x000067a2        0x4 C:\Users\DAW\AppData\Local\Temp\VMicroBuilds\StepperControlAutodriver\tian/core.a(SERCOM.cpp.o)
                0x000067a2                SERCOM::SERCOM(Sercom*)
                0x000067a2                SERCOM::SERCOM(Sercom*)
 .text._ZN6SERCOM9initFrameE18SercomUartCharSize15SercomDataOrder16SercomParityMode19SercomNumberStopBit
                0x000067a6       0x38 C:\Users\DAW\AppData\Local\Temp\VMicroBuilds\StepperControlAutodriver\tian/core.a(SERCOM.cpp.o)
                0x000067a6                SERCOM::initFrame(SercomUartCharSize, SercomDataOrder, SercomParityMode, SercomNumberStopBit)
 .text._ZN6SERCOM8initPadsE15SercomUartTXPad11SercomRXPad
                0x000067de       0x26 C:\Users\DAW\AppData\Local\Temp\VMicroBuilds\StepperControlAutodriver\tian/core.a(SERCOM.cpp.o)
                0x000067de                SERCOM::initPads(SercomUartTXPad, SercomRXPad)
 .text._ZN6SERCOM9resetUARTEv
                0x00006804       0x1c C:\Users\DAW\AppData\Local\Temp\VMicroBuilds\StepperControlAutodriver\tian/core.a(SERCOM.cpp.o)
                0x00006804                SERCOM::resetUART()
 .text._ZN6SERCOM10enableUARTEv
                0x00006820       0x14 C:\Users\DAW\AppData\Local\Temp\VMicroBuilds\StepperControlAutodriver\tian/core.a(SERCOM.cpp.o)
                0x00006820                SERCOM::enableUART()
 .text._ZN6SERCOM9flushUARTEv
                0x00006834        0xa C:\Users\DAW\AppData\Local\Temp\VMicroBuilds\StepperControlAutodriver\tian/core.a(SERCOM.cpp.o)
                0x00006834                SERCOM::flushUART()
 .text._ZN6SERCOM15clearStatusUARTEv
                0x0000683e        0x8 C:\Users\DAW\AppData\Local\Temp\VMicroBuilds\StepperControlAutodriver\tian/core.a(SERCOM.cpp.o)
                0x0000683e                SERCOM::clearStatusUART()
 .text._ZN6SERCOM17availableDataUARTEv
                0x00006846        0xa C:\Users\DAW\AppData\Local\Temp\VMicroBuilds\StepperControlAutodriver\tian/core.a(SERCOM.cpp.o)
                0x00006846                SERCOM::availableDataUART()
 .text._ZN6SERCOM25isBufferOverflowErrorUARTEv
                0x00006850        0xa C:\Users\DAW\AppData\Local\Temp\VMicroBuilds\StepperControlAutodriver\tian/core.a(SERCOM.cpp.o)
                0x00006850                SERCOM::isBufferOverflowErrorUART()
 .text._ZN6SERCOM16isFrameErrorUARTEv
                0x0000685a        0xa C:\Users\DAW\AppData\Local\Temp\VMicroBuilds\StepperControlAutodriver\tian/core.a(SERCOM.cpp.o)
                0x0000685a                SERCOM::isFrameErrorUART()
 .text._ZN6SERCOM17isParityErrorUARTEv
                0x00006864        0xa C:\Users\DAW\AppData\Local\Temp\VMicroBuilds\StepperControlAutodriver\tian/core.a(SERCOM.cpp.o)
                0x00006864                SERCOM::isParityErrorUART()
 .text._ZN6SERCOM12readDataUARTEv
                0x0000686e        0x8 C:\Users\DAW\AppData\Local\Temp\VMicroBuilds\StepperControlAutodriver\tian/core.a(SERCOM.cpp.o)
                0x0000686e                SERCOM::readDataUART()
 .text._ZN6SERCOM13writeDataUARTEh
                0x00006876        0xe C:\Users\DAW\AppData\Local\Temp\VMicroBuilds\StepperControlAutodriver\tian/core.a(SERCOM.cpp.o)
                0x00006876                SERCOM::writeDataUART(unsigned char)
 .text._ZN6SERCOM12initSPIClockE18SercomSpiClockModem
                0x00006884       0x30 C:\Users\DAW\AppData\Local\Temp\VMicroBuilds\StepperControlAutodriver\tian/core.a(SERCOM.cpp.o)
                0x00006884                SERCOM::initSPIClock(SercomSpiClockMode, unsigned long)
 .text._ZN6SERCOM8resetSPIEv
                0x000068b4       0x1c C:\Users\DAW\AppData\Local\Temp\VMicroBuilds\StepperControlAutodriver\tian/core.a(SERCOM.cpp.o)
                0x000068b4                SERCOM::resetSPI()
 .text._ZN6SERCOM9enableSPIEv
                0x000068d0       0x14 C:\Users\DAW\AppData\Local\Temp\VMicroBuilds\StepperControlAutodriver\tian/core.a(SERCOM.cpp.o)
                0x000068d0                SERCOM::enableSPI()
 .text._ZN6SERCOM10disableSPIEv
                0x000068e4       0x14 C:\Users\DAW\AppData\Local\Temp\VMicroBuilds\StepperControlAutodriver\tian/core.a(SERCOM.cpp.o)
                0x000068e4                SERCOM::disableSPI()
 .text._ZN6SERCOM15setClockModeSPIE18SercomSpiClockMode
                0x000068f8       0x3c C:\Users\DAW\AppData\Local\Temp\VMicroBuilds\StepperControlAutodriver\tian/core.a(SERCOM.cpp.o)
                0x000068f8                SERCOM::setClockModeSPI(SercomSpiClockMode)
 .text._ZN6SERCOM12writeDataSPIEh
                0x00006934       0x26 C:\Users\DAW\AppData\Local\Temp\VMicroBuilds\StepperControlAutodriver\tian/core.a(SERCOM.cpp.o)
                0x00006934                SERCOM::writeDataSPI(unsigned char)
 .text._ZN6SERCOM11readDataSPIEv
                0x0000695a       0x1a C:\Users\DAW\AppData\Local\Temp\VMicroBuilds\StepperControlAutodriver\tian/core.a(SERCOM.cpp.o)
                0x0000695a                SERCOM::readDataSPI()
 .text._ZN6SERCOM13initClockNVICEv
                0x00006974       0xac C:\Users\DAW\AppData\Local\Temp\VMicroBuilds\StepperControlAutodriver\tian/core.a(SERCOM.cpp.o)
                0x00006974                SERCOM::initClockNVIC()
 .text._ZN6SERCOM8initUARTE14SercomUartMode20SercomUartSampleRatem
                0x00006a20       0x6c C:\Users\DAW\AppData\Local\Temp\VMicroBuilds\StepperControlAutodriver\tian/core.a(SERCOM.cpp.o)
                0x00006a20                SERCOM::initUART(SercomUartMode, SercomUartSampleRate, unsigned long)
 .text._ZN6SERCOM7initSPIE14SercomSpiTXPad11SercomRXPad17SercomSpiCharSize15SercomDataOrder
                0x00006a8c       0x48 C:\Users\DAW\AppData\Local\Temp\VMicroBuilds\StepperControlAutodriver\tian/core.a(SERCOM.cpp.o)
                0x00006a8c                SERCOM::initSPI(SercomSpiTXPad, SercomRXPad, SercomSpiCharSize, SercomDataOrder)
 .text._ZN4UartcvbEv
                0x00006ad4        0x4 C:\Users\DAW\AppData\Local\Temp\VMicroBuilds\StepperControlAutodriver\tian/core.a(Uart.cpp.o)
                0x00006ad4                Uart::operator bool()
 .text._ZN4Uart3endEv
                0x00006ad8       0x14 C:\Users\DAW\AppData\Local\Temp\VMicroBuilds\StepperControlAutodriver\tian/core.a(Uart.cpp.o)
                0x00006ad8                Uart::end()
 .text._ZN4Uart5flushEv
                0x00006aec        0xa C:\Users\DAW\AppData\Local\Temp\VMicroBuilds\StepperControlAutodriver\tian/core.a(Uart.cpp.o)
                0x00006aec                Uart::flush()
 .text._ZN4Uart9availableEv
                0x00006af6        0xa C:\Users\DAW\AppData\Local\Temp\VMicroBuilds\StepperControlAutodriver\tian/core.a(Uart.cpp.o)
                0x00006af6                Uart::available()
 .text._ZN4Uart4peekEv
                0x00006b00        0xa C:\Users\DAW\AppData\Local\Temp\VMicroBuilds\StepperControlAutodriver\tian/core.a(Uart.cpp.o)
                0x00006b00                Uart::peek()
 .text._ZN4Uart4readEv
                0x00006b0a        0xa C:\Users\DAW\AppData\Local\Temp\VMicroBuilds\StepperControlAutodriver\tian/core.a(Uart.cpp.o)
                0x00006b0a                Uart::read()
 .text._ZN4Uart5writeEh
                0x00006b14        0xc C:\Users\DAW\AppData\Local\Temp\VMicroBuilds\StepperControlAutodriver\tian/core.a(Uart.cpp.o)
                0x00006b14                Uart::write(unsigned char)
 .text._ZN4UartC2EP6SERCOMhh
                0x00006b20       0x34 C:\Users\DAW\AppData\Local\Temp\VMicroBuilds\StepperControlAutodriver\tian/core.a(Uart.cpp.o)
                0x00006b20                Uart::Uart(SERCOM*, unsigned char, unsigned char)
                0x00006b20                Uart::Uart(SERCOM*, unsigned char, unsigned char)
 .text._ZN4Uart10IrqHandlerEv
                0x00006b54       0x44 C:\Users\DAW\AppData\Local\Temp\VMicroBuilds\StepperControlAutodriver\tian/core.a(Uart.cpp.o)
                0x00006b54                Uart::IrqHandler()
 .text._ZN4Uart16extractNbStopBitEh
                0x00006b98        0xe C:\Users\DAW\AppData\Local\Temp\VMicroBuilds\StepperControlAutodriver\tian/core.a(Uart.cpp.o)
                0x00006b98                Uart::extractNbStopBit(unsigned char)
 .text._ZN4Uart15extractCharSizeEh
                0x00006ba6        0x4 C:\Users\DAW\AppData\Local\Temp\VMicroBuilds\StepperControlAutodriver\tian/core.a(Uart.cpp.o)
                0x00006ba6                Uart::extractCharSize(unsigned char)
 .text._ZN4Uart13extractParityEh
                0x00006baa       0x18 C:\Users\DAW\AppData\Local\Temp\VMicroBuilds\StepperControlAutodriver\tian/core.a(Uart.cpp.o)
                0x00006baa                Uart::extractParity(unsigned char)
 *fill*         0x00006bc2        0x2 
 .text._ZN4Uart5beginEmh
                0x00006bc4       0x84 C:\Users\DAW\AppData\Local\Temp\VMicroBuilds\StepperControlAutodriver\tian/core.a(Uart.cpp.o)
                0x00006bc4                Uart::begin(unsigned long, unsigned char)
 .text._ZN4Uart5beginEm
                0x00006c48        0xa C:\Users\DAW\AppData\Local\Temp\VMicroBuilds\StepperControlAutodriver\tian/core.a(Uart.cpp.o)
                0x00006c48                Uart::begin(unsigned long)
 *fill*         0x00006c52        0x2 
 .text.SERCOM0_Handler
                0x00006c54       0x10 C:\Users\DAW\AppData\Local\Temp\VMicroBuilds\StepperControlAutodriver\tian/core.a(Uart.cpp.o)
                0x00006c54                SERCOM0_Handler
 .text.SERCOM5_Handler
                0x00006c64       0x10 C:\Users\DAW\AppData\Local\Temp\VMicroBuilds\StepperControlAutodriver\tian/core.a(Uart.cpp.o)
                0x00006c64                SERCOM5_Handler
 .text._ZN6StringD2Ev
                0x00006c74        0xe C:\Users\DAW\AppData\Local\Temp\VMicroBuilds\StepperControlAutodriver\tian/core.a(WString.cpp.o)
                0x00006c74                String::~String()
                0x00006c74                String::~String()
 .text._ZN6String10invalidateEv
                0x00006c82       0x18 C:\Users\DAW\AppData\Local\Temp\VMicroBuilds\StepperControlAutodriver\tian/core.a(WString.cpp.o)
                0x00006c82                String::invalidate()
 .text._ZN6String12changeBufferEj
                0x00006c9a       0x18 C:\Users\DAW\AppData\Local\Temp\VMicroBuilds\StepperControlAutodriver\tian/core.a(WString.cpp.o)
                0x00006c9a                String::changeBuffer(unsigned int)
 .text._ZN6String7reserveEj
                0x00006cb2       0x28 C:\Users\DAW\AppData\Local\Temp\VMicroBuilds\StepperControlAutodriver\tian/core.a(WString.cpp.o)
                0x00006cb2                String::reserve(unsigned int)
 .text._ZN6String4copyEPKcj
                0x00006cda       0x28 C:\Users\DAW\AppData\Local\Temp\VMicroBuilds\StepperControlAutodriver\tian/core.a(WString.cpp.o)
                0x00006cda                String::copy(char const*, unsigned int)
 .text._ZN6StringC2EPKc
                0x00006d02       0x26 C:\Users\DAW\AppData\Local\Temp\VMicroBuilds\StepperControlAutodriver\tian/core.a(WString.cpp.o)
                0x00006d02                String::String(char const*)
                0x00006d02                String::String(char const*)
 .text._ZN6String4copyEPK19__FlashStringHelperj
                0x00006d28       0x28 C:\Users\DAW\AppData\Local\Temp\VMicroBuilds\StepperControlAutodriver\tian/core.a(WString.cpp.o)
                0x00006d28                String::copy(__FlashStringHelper const*, unsigned int)
 .text._ZN6StringaSERKS_
                0x00006d50       0x20 C:\Users\DAW\AppData\Local\Temp\VMicroBuilds\StepperControlAutodriver\tian/core.a(WString.cpp.o)
                0x00006d50                String::operator=(String const&)
 .text._ZN6StringC2ERKS_
                0x00006d70       0x14 C:\Users\DAW\AppData\Local\Temp\VMicroBuilds\StepperControlAutodriver\tian/core.a(WString.cpp.o)
                0x00006d70                String::String(String const&)
                0x00006d70                String::String(String const&)
 .text._ZN6StringaSEPKc
                0x00006d84       0x22 C:\Users\DAW\AppData\Local\Temp\VMicroBuilds\StepperControlAutodriver\tian/core.a(WString.cpp.o)
                0x00006d84                String::operator=(char const*)
 .text._ZN6StringC2Ec
                0x00006da6       0x1c C:\Users\DAW\AppData\Local\Temp\VMicroBuilds\StepperControlAutodriver\tian/core.a(WString.cpp.o)
                0x00006da6                String::String(char)
                0x00006da6                String::String(char)
 .text._ZN6StringC2Ehh
                0x00006dc2       0x22 C:\Users\DAW\AppData\Local\Temp\VMicroBuilds\StepperControlAutodriver\tian/core.a(WString.cpp.o)
                0x00006dc2                String::String(unsigned char, unsigned char)
                0x00006dc2                String::String(unsigned char, unsigned char)
 .text._ZN6StringC2Eih
                0x00006de4       0x24 C:\Users\DAW\AppData\Local\Temp\VMicroBuilds\StepperControlAutodriver\tian/core.a(WString.cpp.o)
                0x00006de4                String::String(int, unsigned char)
                0x00006de4                String::String(int, unsigned char)
 .text._ZN6StringC2Elh
                0x00006e08       0x24 C:\Users\DAW\AppData\Local\Temp\VMicroBuilds\StepperControlAutodriver\tian/core.a(WString.cpp.o)
                0x00006e08                String::String(long, unsigned char)
                0x00006e08                String::String(long, unsigned char)
 .text._ZN6StringC2Emh
                0x00006e2c       0x24 C:\Users\DAW\AppData\Local\Temp\VMicroBuilds\StepperControlAutodriver\tian/core.a(WString.cpp.o)
                0x00006e2c                String::String(unsigned long, unsigned char)
                0x00006e2c                String::String(unsigned long, unsigned char)
 .text._ZN6StringC2Efh
                0x00006e50       0x32 C:\Users\DAW\AppData\Local\Temp\VMicroBuilds\StepperControlAutodriver\tian/core.a(WString.cpp.o)
                0x00006e50                String::String(float, unsigned char)
                0x00006e50                String::String(float, unsigned char)
 .text._ZN6StringaSEPK19__FlashStringHelper
                0x00006e82       0x22 C:\Users\DAW\AppData\Local\Temp\VMicroBuilds\StepperControlAutodriver\tian/core.a(WString.cpp.o)
                0x00006e82                String::operator=(__FlashStringHelper const*)
 .text._ZN6StringC2EPK19__FlashStringHelper
                0x00006ea4       0x14 C:\Users\DAW\AppData\Local\Temp\VMicroBuilds\StepperControlAutodriver\tian/core.a(WString.cpp.o)
                0x00006ea4                String::String(__FlashStringHelper const*)
                0x00006ea4                String::String(__FlashStringHelper const*)
 .text._ZN6String6concatEPKcj
                0x00006eb8       0x32 C:\Users\DAW\AppData\Local\Temp\VMicroBuilds\StepperControlAutodriver\tian/core.a(WString.cpp.o)
                0x00006eb8                String::concat(char const*, unsigned int)
 .text._ZN6String6concatERKS_
                0x00006eea        0xe C:\Users\DAW\AppData\Local\Temp\VMicroBuilds\StepperControlAutodriver\tian/core.a(WString.cpp.o)
                0x00006eea                String::concat(String const&)
 .text._ZplRK15StringSumHelperRK6String
                0x00006ef8       0x1c C:\Users\DAW\AppData\Local\Temp\VMicroBuilds\StepperControlAutodriver\tian/core.a(WString.cpp.o)
                0x00006ef8                operator+(StringSumHelper const&, String const&)
 .text._ZplRK15StringSumHelperPKc
                0x00006f14       0x26 C:\Users\DAW\AppData\Local\Temp\VMicroBuilds\StepperControlAutodriver\tian/core.a(WString.cpp.o)
                0x00006f14                operator+(StringSumHelper const&, char const*)
 .text._ZNK6String6equalsEPKc
                0x00006f3a       0x2a C:\Users\DAW\AppData\Local\Temp\VMicroBuilds\StepperControlAutodriver\tian/core.a(WString.cpp.o)
                0x00006f3a                String::equals(char const*) const
 .text._ZNK6String8getBytesEPhjj
                0x00006f64       0x34 C:\Users\DAW\AppData\Local\Temp\VMicroBuilds\StepperControlAutodriver\tian/core.a(WString.cpp.o)
                0x00006f64                String::getBytes(unsigned char*, unsigned int, unsigned int) const
 .text._ZNK6String7indexOfEcj
                0x00006f98       0x1e C:\Users\DAW\AppData\Local\Temp\VMicroBuilds\StepperControlAutodriver\tian/core.a(WString.cpp.o)
                0x00006f98                String::indexOf(char, unsigned int) const
 .text._ZNK6String7indexOfEc
                0x00006fb6        0xa C:\Users\DAW\AppData\Local\Temp\VMicroBuilds\StepperControlAutodriver\tian/core.a(WString.cpp.o)
                0x00006fb6                String::indexOf(char) const
 .text._ZNK6String7indexOfERKS_j
                0x00006fc0       0x20 C:\Users\DAW\AppData\Local\Temp\VMicroBuilds\StepperControlAutodriver\tian/core.a(WString.cpp.o)
                0x00006fc0                String::indexOf(String const&, unsigned int) const
 .text._ZNK6String7indexOfERKS_
                0x00006fe0        0xa C:\Users\DAW\AppData\Local\Temp\VMicroBuilds\StepperControlAutodriver\tian/core.a(WString.cpp.o)
                0x00006fe0                String::indexOf(String const&) const
 *fill*         0x00006fea        0x2 
 .text._ZNK6String9substringEjj
                0x00006fec       0x4c C:\Users\DAW\AppData\Local\Temp\VMicroBuilds\StepperControlAutodriver\tian/core.a(WString.cpp.o)
                0x00006fec                String::substring(unsigned int, unsigned int) const
 .text._ZN6String4trimEv
                0x00007038       0x54 C:\Users\DAW\AppData\Local\Temp\VMicroBuilds\StepperControlAutodriver\tian/core.a(WString.cpp.o)
                0x00007038                String::trim()
 .text._ZNK6String5toIntEv
                0x0000708c        0xe C:\Users\DAW\AppData\Local\Temp\VMicroBuilds\StepperControlAutodriver\tian/core.a(WString.cpp.o)
                0x0000708c                String::toInt() const
 .text._ZNK6String7toFloatEv
                0x0000709a       0x16 C:\Users\DAW\AppData\Local\Temp\VMicroBuilds\StepperControlAutodriver\tian/core.a(WString.cpp.o)
                0x0000709a                String::toFloat() const
 .text._ZN7Serial_4peekEv
                0x000070b0       0x2c C:\Users\DAW\AppData\Local\Temp\VMicroBuilds\StepperControlAutodriver\tian/core.a(CDC.cpp.o)
                0x000070b0                Serial_::peek()
 .text._ZN7Serial_5writeEh
                0x000070dc       0x14 C:\Users\DAW\AppData\Local\Temp\VMicroBuilds\StepperControlAutodriver\tian/core.a(CDC.cpp.o)
                0x000070dc                Serial_::write(unsigned char)
 .text._ZN7Serial_6acceptEv
                0x000070f0       0x64 C:\Users\DAW\AppData\Local\Temp\VMicroBuilds\StepperControlAutodriver\tian/core.a(CDC.cpp.o)
                0x000070f0                Serial_::accept()
 .text._ZN7Serial_4readEv
                0x00007154       0x68 C:\Users\DAW\AppData\Local\Temp\VMicroBuilds\StepperControlAutodriver\tian/core.a(CDC.cpp.o)
                0x00007154                Serial_::read()
 .text._ZN7Serial_5flushEv
                0x000071bc        0xa C:\Users\DAW\AppData\Local\Temp\VMicroBuilds\StepperControlAutodriver\tian/core.a(CDC.cpp.o)
                0x000071bc                Serial_::flush()
 *fill*         0x000071c6        0x2 
 .text._ZN7Serial_9availableEv
                0x000071c8       0x3c C:\Users\DAW\AppData\Local\Temp\VMicroBuilds\StepperControlAutodriver\tian/core.a(CDC.cpp.o)
                0x000071c8                Serial_::available()
 .text._ZN7Serial_5writeEPKhj
                0x00007204       0x24 C:\Users\DAW\AppData\Local\Temp\VMicroBuilds\StepperControlAutodriver\tian/core.a(CDC.cpp.o)
                0x00007204                Serial_::write(unsigned char const*, unsigned int)
 .text._Z16CDC_GetInterfacePh
                0x00007228       0x18 C:\Users\DAW\AppData\Local\Temp\VMicroBuilds\StepperControlAutodriver\tian/core.a(CDC.cpp.o)
                0x00007228                CDC_GetInterface(unsigned char*)
 .text._Z9CDC_SetupR5Setup
                0x00007240       0x78 C:\Users\DAW\AppData\Local\Temp\VMicroBuilds\StepperControlAutodriver\tian/core.a(CDC.cpp.o)
                0x00007240                CDC_Setup(Setup&)
 .text._ZN7Serial_5beginEm
                0x000072b8        0x2 C:\Users\DAW\AppData\Local\Temp\VMicroBuilds\StepperControlAutodriver\tian/core.a(CDC.cpp.o)
                0x000072b8                Serial_::begin(unsigned long)
 *fill*         0x000072ba        0x2 
 .text._ZN7Serial_cvbEv
                0x000072bc       0x28 C:\Users\DAW\AppData\Local\Temp\VMicroBuilds\StepperControlAutodriver\tian/core.a(CDC.cpp.o)
                0x000072bc                Serial_::operator bool()
 .text.startup._GLOBAL__sub_I_cdc_rx_buffer
                0x000072e4       0x24 C:\Users\DAW\AppData\Local\Temp\VMicroBuilds\StepperControlAutodriver\tian/core.a(CDC.cpp.o)
 .text._Z6initEPmm.part.3
                0x00007308       0x80 C:\Users\DAW\AppData\Local\Temp\VMicroBuilds\StepperControlAutodriver\tian/core.a(USBCore.cpp.o)
 .text._ZN20USBDevice_SAMD21G18x5resetEv
                0x00007388       0x28 C:\Users\DAW\AppData\Local\Temp\VMicroBuilds\StepperControlAutodriver\tian/core.a(USBCore.cpp.o)
                0x00007388                USBDevice_SAMD21G18x::reset()
 .text._ZN20USBDevice_SAMD21G18x9calibrateEv
                0x000073b0       0x5c C:\Users\DAW\AppData\Local\Temp\VMicroBuilds\StepperControlAutodriver\tian/core.a(USBCore.cpp.o)
                0x000073b0                USBDevice_SAMD21G18x::calibrate()
 .text._Z9USBD_SendmPKvm
                0x0000740c       0xac C:\Users\DAW\AppData\Local\Temp\VMicroBuilds\StepperControlAutodriver\tian/core.a(USBCore.cpp.o)
                0x0000740c                USBD_Send(unsigned long, void const*, unsigned long)
 .text._Z12USBD_armSendmPKvm
                0x000074b8       0x44 C:\Users\DAW\AppData\Local\Temp\VMicroBuilds\StepperControlAutodriver\tian/core.a(USBCore.cpp.o)
                0x000074b8                USBD_armSend(unsigned long, void const*, unsigned long)
 .text._Z16USBD_SendControlPKvm
                0x000074fc       0x58 C:\Users\DAW\AppData\Local\Temp\VMicroBuilds\StepperControlAutodriver\tian/core.a(USBCore.cpp.o)
                0x000074fc                USBD_SendControl(void const*, unsigned long)
 .text._Z12packMessagesb.part.2
                0x00007554       0x20 C:\Users\DAW\AppData\Local\Temp\VMicroBuilds\StepperControlAutodriver\tian/core.a(USBCore.cpp.o)
 .text._Z25USBD_SendStringDescriptorPKhh
                0x00007574       0x52 C:\Users\DAW\AppData\Local\Temp\VMicroBuilds\StepperControlAutodriver\tian/core.a(USBCore.cpp.o)
                0x00007574                USBD_SendStringDescriptor(unsigned char const*, unsigned char)
 .text._Z19USBD_SendInterfacesPm
                0x000075c6       0x1c C:\Users\DAW\AppData\Local\Temp\VMicroBuilds\StepperControlAutodriver\tian/core.a(USBCore.cpp.o)
                0x000075c6                USBD_SendInterfaces(unsigned long*)
 *fill*         0x000075e2        0x2 
 .text._Z22USBD_SendConfigurationm
                0x000075e4       0x84 C:\Users\DAW\AppData\Local\Temp\VMicroBuilds\StepperControlAutodriver\tian/core.a(USBCore.cpp.o)
                0x000075e4                USBD_SendConfiguration(unsigned long)
 .text._Z19USBD_SendDescriptorR5Setup
                0x00007668       0x78 C:\Users\DAW\AppData\Local\Temp\VMicroBuilds\StepperControlAutodriver\tian/core.a(USBCore.cpp.o)
                0x00007668                USBD_SendDescriptor(Setup&)
 .text._Z6initEPmm
                0x000076e0       0xe0 C:\Users\DAW\AppData\Local\Temp\VMicroBuilds\StepperControlAutodriver\tian/core.a(USBCore.cpp.o)
                0x000076e0                initEP(unsigned long, unsigned long)
 .text._Z10setAddressm
                0x000077c0       0x48 C:\Users\DAW\AppData\Local\Temp\VMicroBuilds\StepperControlAutodriver\tian/core.a(USBCore.cpp.o)
                0x000077c0                setAddress(unsigned long)
 .text._Z13initEndpointsv
                0x00007808       0x20 C:\Users\DAW\AppData\Local\Temp\VMicroBuilds\StepperControlAutodriver\tian/core.a(USBCore.cpp.o)
                0x00007808                initEndpoints()
 .text._Z19handleStandardSetupR5Setup
                0x00007828      0x108 C:\Users\DAW\AppData\Local\Temp\VMicroBuilds\StepperControlAutodriver\tian/core.a(USBCore.cpp.o)
                0x00007828                handleStandardSetup(Setup&)
 .text._Z25handleClassInterfaceSetupR5Setup
                0x00007930       0x28 C:\Users\DAW\AppData\Local\Temp\VMicroBuilds\StepperControlAutodriver\tian/core.a(USBCore.cpp.o)
                0x00007930                handleClassInterfaceSetup(Setup&)
 .text._Z10USBD_Flushm
                0x00007958       0x2c C:\Users\DAW\AppData\Local\Temp\VMicroBuilds\StepperControlAutodriver\tian/core.a(USBCore.cpp.o)
                0x00007958                USBD_Flush(unsigned long)
 .text._Z14armRecvCtrlOUTm
                0x00007984       0x60 C:\Users\DAW\AppData\Local\Temp\VMicroBuilds\StepperControlAutodriver\tian/core.a(USBCore.cpp.o)
                0x00007984                armRecvCtrlOUT(unsigned long)
 .text._Z16USBD_RecvControlPvm
                0x000079e4       0x3c C:\Users\DAW\AppData\Local\Temp\VMicroBuilds\StepperControlAutodriver\tian/core.a(USBCore.cpp.o)
                0x000079e4                USBD_RecvControl(void*, unsigned long)
 .text._Z14USBD_Availablem
                0x00007a20       0x14 C:\Users\DAW\AppData\Local\Temp\VMicroBuilds\StepperControlAutodriver\tian/core.a(USBCore.cpp.o)
                0x00007a20                USBD_Available(unsigned long)
 .text._Z7armRecvm
                0x00007a34       0x3c C:\Users\DAW\AppData\Local\Temp\VMicroBuilds\StepperControlAutodriver\tian/core.a(USBCore.cpp.o)
                0x00007a34                armRecv(unsigned long)
 .text._Z9USBD_RecvmPvm
                0x00007a70       0x98 C:\Users\DAW\AppData\Local\Temp\VMicroBuilds\StepperControlAutodriver\tian/core.a(USBCore.cpp.o)
                0x00007a70                USBD_Recv(unsigned long, void*, unsigned long)
 .text._ZN10USBDevice_4initEv
                0x00007b08       0xc0 C:\Users\DAW\AppData\Local\Temp\VMicroBuilds\StepperControlAutodriver\tian/core.a(USBCore.cpp.o)
                0x00007b08                USBDevice_::init()
 .text._ZN10USBDevice_6attachEv
                0x00007bc8       0x34 C:\Users\DAW\AppData\Local\Temp\VMicroBuilds\StepperControlAutodriver\tian/core.a(USBCore.cpp.o)
                0x00007bc8                USBDevice_::attach()
 .text.startup._GLOBAL__sub_I__ZN20USBDevice_SAMD21G18x5resetEv
                0x00007bfc       0x10 C:\Users\DAW\AppData\Local\Temp\VMicroBuilds\StepperControlAutodriver\tian/core.a(USBCore.cpp.o)
 .text._Z14handleEndpointh
                0x00007c0c       0x5c C:\Users\DAW\AppData\Local\Temp\VMicroBuilds\StepperControlAutodriver\tian/core.a(USBCore.cpp.o)
                0x00007c0c                handleEndpoint(unsigned char)
 .text._Z10ISRHandlerv
                0x00007c68      0x104 C:\Users\DAW\AppData\Local\Temp\VMicroBuilds\StepperControlAutodriver\tian/core.a(USBCore.cpp.o)
                0x00007c68                ISRHandler()
 .text.UDD_Handler
                0x00007d6c        0x8 C:\Users\DAW\AppData\Local\Temp\VMicroBuilds\StepperControlAutodriver\tian/core.a(USBCore.cpp.o)
                0x00007d6c                UDD_Handler
 .text.ltoa     0x00007d74       0x8a C:\Users\DAW\AppData\Local\Temp\VMicroBuilds\StepperControlAutodriver\tian/core.a(itoa.c.o)
                0x00007d74                ltoa
 .text.itoa     0x00007dfe        0x8 C:\Users\DAW\AppData\Local\Temp\VMicroBuilds\StepperControlAutodriver\tian/core.a(itoa.c.o)
                0x00007dfe                itoa
 .text.ultoa    0x00007e06       0x68 C:\Users\DAW\AppData\Local\Temp\VMicroBuilds\StepperControlAutodriver\tian/core.a(itoa.c.o)
                0x00007e06                ultoa
 .text.utoa     0x00007e6e        0x8 C:\Users\DAW\AppData\Local\Temp\VMicroBuilds\StepperControlAutodriver\tian/core.a(itoa.c.o)
                0x00007e6e                utoa
 *fill*         0x00007e76        0x2 
 .text.dtostrf  0x00007e78       0x28 C:\Users\DAW\AppData\Local\Temp\VMicroBuilds\StepperControlAutodriver\tian/core.a(dtostrf.c.o)
                0x00007e78                dtostrf
 .text.initiateReset
                0x00007ea0       0x14 C:\Users\DAW\AppData\Local\Temp\VMicroBuilds\StepperControlAutodriver\tian/core.a(Reset.cpp.o)
                0x00007ea0                initiateReset
 .text.cancelReset
                0x00007eb4       0x10 C:\Users\DAW\AppData\Local\Temp\VMicroBuilds\StepperControlAutodriver\tian/core.a(Reset.cpp.o)
                0x00007eb4                cancelReset
 .text._ZN10RingBufferC2Ev
                0x00007ec4       0x16 C:\Users\DAW\AppData\Local\Temp\VMicroBuilds\StepperControlAutodriver\tian/core.a(RingBuffer.cpp.o)
                0x00007ec4                RingBuffer::RingBuffer()
                0x00007ec4                RingBuffer::RingBuffer()
 .text._ZN10RingBuffer10store_charEh
                0x00007eda       0x16 C:\Users\DAW\AppData\Local\Temp\VMicroBuilds\StepperControlAutodriver\tian/core.a(RingBuffer.cpp.o)
                0x00007eda                RingBuffer::store_char(unsigned char)
 .text._ZN10RingBuffer5clearEv
                0x00007ef0        0x8 C:\Users\DAW\AppData\Local\Temp\VMicroBuilds\StepperControlAutodriver\tian/core.a(RingBuffer.cpp.o)
                0x00007ef0                RingBuffer::clear()
 .text._ZN10RingBuffer9read_charEv
                0x00007ef8       0x1c C:\Users\DAW\AppData\Local\Temp\VMicroBuilds\StepperControlAutodriver\tian/core.a(RingBuffer.cpp.o)
                0x00007ef8                RingBuffer::read_char()
 .text._ZN10RingBuffer9availableEv
                0x00007f14        0xc C:\Users\DAW\AppData\Local\Temp\VMicroBuilds\StepperControlAutodriver\tian/core.a(RingBuffer.cpp.o)
                0x00007f14                RingBuffer::available()
 .text._ZN10RingBuffer4peekEv
                0x00007f20       0x12 C:\Users\DAW\AppData\Local\Temp\VMicroBuilds\StepperControlAutodriver\tian/core.a(RingBuffer.cpp.o)
                0x00007f20                RingBuffer::peek()
 .text.__cxa_guard_acquire
                0x00007f32       0x1e c:/program files (x86)/arduino/hardware/tools/gcc-arm-none-eabi-4.8.3-2014q1/bin/../lib/gcc/arm-none-eabi/4.8.3/../../../../arm-none-eabi/lib/armv6-m\libstdc++_s.a(guard.o)
                0x00007f32                __cxa_guard_acquire
 .text.__cxa_guard_release
                0x00007f50        0x6 c:/program files (x86)/arduino/hardware/tools/gcc-arm-none-eabi-4.8.3-2014q1/bin/../lib/gcc/arm-none-eabi/4.8.3/../../../../arm-none-eabi/lib/armv6-m\libstdc++_s.a(guard.o)
                0x00007f50                __cxa_guard_release
 .text.__aeabi_atexit
                0x00007f56        0xe c:/program files (x86)/arduino/hardware/tools/gcc-arm-none-eabi-4.8.3-2014q1/bin/../lib/gcc/arm-none-eabi/4.8.3/../../../../arm-none-eabi/lib/armv6-m\libstdc++_s.a(atexit_arm.o)
                0x00007f56                __aeabi_atexit
 *fill*         0x00007f64        0x4 
 .text.ceil     0x00007f68      0x168 c:/program files (x86)/arduino/hardware/tools/gcc-arm-none-eabi-4.8.3-2014q1/bin/../lib/gcc/arm-none-eabi/4.8.3/../../../../arm-none-eabi/lib/armv6-m\libm.a(lib_a-s_ceil.o)
                0x00007f68                ceil
 .text.__fpclassifyd
                0x000080d0       0x60 c:/program files (x86)/arduino/hardware/tools/gcc-arm-none-eabi-4.8.3-2014q1/bin/../lib/gcc/arm-none-eabi/4.8.3/../../../../arm-none-eabi/lib/armv6-m\libm.a(lib_a-s_fpclassify.o)
                0x000080d0                __fpclassifyd
 .text.__fpclassifyf
                0x00008130       0x3c c:/program files (x86)/arduino/hardware/tools/gcc-arm-none-eabi-4.8.3-2014q1/bin/../lib/gcc/arm-none-eabi/4.8.3/../../../../arm-none-eabi/lib/armv6-m\libm.a(lib_a-sf_fpclassify.o)
                0x00008130                __fpclassifyf
 .text          0x0000816c       0x14 c:/program files (x86)/arduino/hardware/tools/gcc-arm-none-eabi-4.8.3-2014q1/bin/../lib/gcc/arm-none-eabi/4.8.3/armv6-m\libgcc.a(_thumb1_case_uqi.o)
                0x0000816c                __gnu_thumb1_case_uqi
 .text          0x00008180       0x9c c:/program files (x86)/arduino/hardware/tools/gcc-arm-none-eabi-4.8.3-2014q1/bin/../lib/gcc/arm-none-eabi/4.8.3/armv6-m\libgcc.a(_udivsi3.o)
                0x00008180                __aeabi_uidiv
                0x00008180                __udivsi3
                0x00008208                __aeabi_uidivmod
 .text          0x0000821c       0xc0 c:/program files (x86)/arduino/hardware/tools/gcc-arm-none-eabi-4.8.3-2014q1/bin/../lib/gcc/arm-none-eabi/4.8.3/armv6-m\libgcc.a(_divsi3.o)
                0x0000821c                __divsi3
                0x0000821c                __aeabi_idiv
                0x000082c8                __aeabi_idivmod
 .text          0x000082dc        0x4 c:/program files (x86)/arduino/hardware/tools/gcc-arm-none-eabi-4.8.3-2014q1/bin/../lib/gcc/arm-none-eabi/4.8.3/armv6-m\libgcc.a(_dvmd_tls.o)
                0x000082dc                __aeabi_idiv0
                0x000082dc                __aeabi_ldiv0
 .text          0x000082e0       0x7c c:/program files (x86)/arduino/hardware/tools/gcc-arm-none-eabi-4.8.3-2014q1/bin/../lib/gcc/arm-none-eabi/4.8.3/armv6-m\libgcc.a(_arm_cmpdf2.o)
                0x000082e0                __aeabi_cdrcmple
                0x000082f0                __aeabi_cdcmple
                0x000082f0                __aeabi_cdcmpeq
                0x00008300                __aeabi_dcmpeq
                0x0000830c                __aeabi_dcmplt
                0x00008320                __aeabi_dcmple
                0x00008334                __aeabi_dcmpgt
                0x00008348                __aeabi_dcmpge
 .text          0x0000835c       0x74 c:/program files (x86)/arduino/hardware/tools/gcc-arm-none-eabi-4.8.3-2014q1/bin/../lib/gcc/arm-none-eabi/4.8.3/armv6-m\libgcc.a(_arm_cmpsf2.o)
                0x0000835c                __aeabi_cfrcmple
                0x00008364                __aeabi_cfcmpeq
                0x00008364                __aeabi_cfcmple
                0x00008374                __aeabi_fcmpeq
                0x00008380                __aeabi_fcmplt
                0x00008394                __aeabi_fcmple
                0x000083a8                __aeabi_fcmpgt
                0x000083bc                __aeabi_fcmpge
 .text          0x000083d0       0x30 c:/program files (x86)/arduino/hardware/tools/gcc-arm-none-eabi-4.8.3-2014q1/bin/../lib/gcc/arm-none-eabi/4.8.3/armv6-m\libgcc.a(_fixunssfsi.o)
                0x000083d0                __fixunssfsi
                0x000083d0                __aeabi_f2uiz
 .text          0x00008400       0x40 c:/program files (x86)/arduino/hardware/tools/gcc-arm-none-eabi-4.8.3-2014q1/bin/../lib/gcc/arm-none-eabi/4.8.3/armv6-m\libgcc.a(_fixunsdfsi.o)
                0x00008400                __aeabi_d2uiz
                0x00008400                __fixunsdfsi
 .text          0x00008440      0x2c8 c:/program files (x86)/arduino/hardware/tools/gcc-arm-none-eabi-4.8.3-2014q1/bin/../lib/gcc/arm-none-eabi/4.8.3/armv6-m\libgcc.a(addsf3.o)
                0x00008440                __aeabi_fadd
 .text          0x00008708      0x24c c:/program files (x86)/arduino/hardware/tools/gcc-arm-none-eabi-4.8.3-2014q1/bin/../lib/gcc/arm-none-eabi/4.8.3/armv6-m\libgcc.a(divsf3.o)
                0x00008708                __aeabi_fdiv
 .text          0x00008954       0x54 c:/program files (x86)/arduino/hardware/tools/gcc-arm-none-eabi-4.8.3-2014q1/bin/../lib/gcc/arm-none-eabi/4.8.3/armv6-m\libgcc.a(eqsf2.o)
                0x00008954                __eqsf2
                0x00008954                __nesf2
 .text          0x000089a8       0x90 c:/program files (x86)/arduino/hardware/tools/gcc-arm-none-eabi-4.8.3-2014q1/bin/../lib/gcc/arm-none-eabi/4.8.3/armv6-m\libgcc.a(gesf2.o)
                0x000089a8                __gesf2
                0x000089a8                __gtsf2
 .text          0x00008a38       0x98 c:/program files (x86)/arduino/hardware/tools/gcc-arm-none-eabi-4.8.3-2014q1/bin/../lib/gcc/arm-none-eabi/4.8.3/armv6-m\libgcc.a(lesf2.o)
                0x00008a38                __ltsf2
                0x00008a38                __lesf2
 .text          0x00008ad0      0x254 c:/program files (x86)/arduino/hardware/tools/gcc-arm-none-eabi-4.8.3-2014q1/bin/../lib/gcc/arm-none-eabi/4.8.3/armv6-m\libgcc.a(mulsf3.o)
                0x00008ad0                __aeabi_fmul
 .text          0x00008d24      0x2e0 c:/program files (x86)/arduino/hardware/tools/gcc-arm-none-eabi-4.8.3-2014q1/bin/../lib/gcc/arm-none-eabi/4.8.3/armv6-m\libgcc.a(subsf3.o)
                0x00008d24                __aeabi_fsub
 .text          0x00009004       0x40 c:/program files (x86)/arduino/hardware/tools/gcc-arm-none-eabi-4.8.3-2014q1/bin/../lib/gcc/arm-none-eabi/4.8.3/armv6-m\libgcc.a(fixsfsi.o)
                0x00009004                __aeabi_f2iz
 .text          0x00009044       0xa0 c:/program files (x86)/arduino/hardware/tools/gcc-arm-none-eabi-4.8.3-2014q1/bin/../lib/gcc/arm-none-eabi/4.8.3/armv6-m\libgcc.a(floatunsisf.o)
                0x00009044                __aeabi_ui2f
 .text          0x000090e4      0x638 c:/program files (x86)/arduino/hardware/tools/gcc-arm-none-eabi-4.8.3-2014q1/bin/../lib/gcc/arm-none-eabi/4.8.3/armv6-m\libgcc.a(adddf3.o)
                0x000090e4                __aeabi_dadd
 .text          0x0000971c      0x648 c:/program files (x86)/arduino/hardware/tools/gcc-arm-none-eabi-4.8.3-2014q1/bin/../lib/gcc/arm-none-eabi/4.8.3/armv6-m\libgcc.a(divdf3.o)
                0x0000971c                __aeabi_ddiv
 .text          0x00009d64       0x94 c:/program files (x86)/arduino/hardware/tools/gcc-arm-none-eabi-4.8.3-2014q1/bin/../lib/gcc/arm-none-eabi/4.8.3/armv6-m\libgcc.a(eqdf2.o)
                0x00009d64                __nedf2
                0x00009d64                __eqdf2
 .text          0x00009df8       0xfc c:/program files (x86)/arduino/hardware/tools/gcc-arm-none-eabi-4.8.3-2014q1/bin/../lib/gcc/arm-none-eabi/4.8.3/armv6-m\libgcc.a(gedf2.o)
                0x00009df8                __gedf2
                0x00009df8                __gtdf2
 .text          0x00009ef4       0xfc c:/program files (x86)/arduino/hardware/tools/gcc-arm-none-eabi-4.8.3-2014q1/bin/../lib/gcc/arm-none-eabi/4.8.3/armv6-m\libgcc.a(ledf2.o)
                0x00009ef4                __ledf2
                0x00009ef4                __ltdf2
 .text          0x00009ff0      0x520 c:/program files (x86)/arduino/hardware/tools/gcc-arm-none-eabi-4.8.3-2014q1/bin/../lib/gcc/arm-none-eabi/4.8.3/armv6-m\libgcc.a(muldf3.o)
                0x00009ff0                __aeabi_dmul
 .text          0x0000a510      0x654 c:/program files (x86)/arduino/hardware/tools/gcc-arm-none-eabi-4.8.3-2014q1/bin/../lib/gcc/arm-none-eabi/4.8.3/armv6-m\libgcc.a(subdf3.o)
                0x0000a510                __aeabi_dsub
 .text          0x0000ab64       0x68 c:/program files (x86)/arduino/hardware/tools/gcc-arm-none-eabi-4.8.3-2014q1/bin/../lib/gcc/arm-none-eabi/4.8.3/armv6-m\libgcc.a(fixdfsi.o)
                0x0000ab64                __aeabi_d2iz
 .text          0x0000abcc       0x7c c:/program files (x86)/arduino/hardware/tools/gcc-arm-none-eabi-4.8.3-2014q1/bin/../lib/gcc/arm-none-eabi/4.8.3/armv6-m\libgcc.a(floatsidf.o)
                0x0000abcc                __aeabi_i2d
 .text          0x0000ac48       0x68 c:/program files (x86)/arduino/hardware/tools/gcc-arm-none-eabi-4.8.3-2014q1/bin/../lib/gcc/arm-none-eabi/4.8.3/armv6-m\libgcc.a(floatunsidf.o)
                0x0000ac48                __aeabi_ui2d
 .text          0x0000acb0       0xa4 c:/program files (x86)/arduino/hardware/tools/gcc-arm-none-eabi-4.8.3-2014q1/bin/../lib/gcc/arm-none-eabi/4.8.3/armv6-m\libgcc.a(extendsfdf2.o)
                0x0000acb0                __aeabi_f2d
 .text          0x0000ad54      0x118 c:/program files (x86)/arduino/hardware/tools/gcc-arm-none-eabi-4.8.3-2014q1/bin/../lib/gcc/arm-none-eabi/4.8.3/armv6-m\libgcc.a(truncdfsf2.o)
                0x0000ad54                __aeabi_d2f
 .text          0x0000ae6c       0x3c c:/program files (x86)/arduino/hardware/tools/gcc-arm-none-eabi-4.8.3-2014q1/bin/../lib/gcc/arm-none-eabi/4.8.3/armv6-m\libgcc.a(_clzsi2.o)
                0x0000ae6c                __clzsi2
 .text.abort    0x0000aea8        0xe c:/program files (x86)/arduino/hardware/tools/gcc-arm-none-eabi-4.8.3-2014q1/bin/../lib/gcc/arm-none-eabi/4.8.3/../../../../arm-none-eabi/lib/armv6-m\libc_s.a(lib_a-abort.o)
                0x0000aea8                abort
 .text.atof     0x0000aeb6        0xa c:/program files (x86)/arduino/hardware/tools/gcc-arm-none-eabi-4.8.3-2014q1/bin/../lib/gcc/arm-none-eabi/4.8.3/../../../../arm-none-eabi/lib/armv6-m\libc_s.a(lib_a-atof.o)
                0x0000aeb6                atof
 .text.atol     0x0000aec0        0xc c:/program files (x86)/arduino/hardware/tools/gcc-arm-none-eabi-4.8.3-2014q1/bin/../lib/gcc/arm-none-eabi/4.8.3/../../../../arm-none-eabi/lib/armv6-m\libc_s.a(lib_a-atol.o)
                0x0000aec0                atol
 .text.__cxa_atexit
                0x0000aecc       0x20 c:/program files (x86)/arduino/hardware/tools/gcc-arm-none-eabi-4.8.3-2014q1/bin/../lib/gcc/arm-none-eabi/4.8.3/../../../../arm-none-eabi/lib/armv6-m\libc_s.a(lib_a-cxa_atexit.o)
                0x0000aecc                __cxa_atexit
 .text.__libc_init_array
                0x0000aeec       0x4c c:/program files (x86)/arduino/hardware/tools/gcc-arm-none-eabi-4.8.3-2014q1/bin/../lib/gcc/arm-none-eabi/4.8.3/../../../../arm-none-eabi/lib/armv6-m\libc_s.a(lib_a-init.o)
                0x0000aeec                __libc_init_array
 .text.isspace  0x0000af38       0x14 c:/program files (x86)/arduino/hardware/tools/gcc-arm-none-eabi-4.8.3-2014q1/bin/../lib/gcc/arm-none-eabi/4.8.3/../../../../arm-none-eabi/lib/armv6-m\libc_s.a(lib_a-isspace.o)
                0x0000af38                isspace
 .text.malloc   0x0000af4c       0x14 c:/program files (x86)/arduino/hardware/tools/gcc-arm-none-eabi-4.8.3-2014q1/bin/../lib/gcc/arm-none-eabi/4.8.3/../../../../arm-none-eabi/lib/armv6-m\libc_s.a(lib_a-malloc.o)
                0x0000af4c                malloc
 .text.free     0x0000af60       0x14 c:/program files (x86)/arduino/hardware/tools/gcc-arm-none-eabi-4.8.3-2014q1/bin/../lib/gcc/arm-none-eabi/4.8.3/../../../../arm-none-eabi/lib/armv6-m\libc_s.a(lib_a-malloc.o)
                0x0000af60                free
 .text.memcpy   0x0000af74       0x12 c:/program files (x86)/arduino/hardware/tools/gcc-arm-none-eabi-4.8.3-2014q1/bin/../lib/gcc/arm-none-eabi/4.8.3/../../../../arm-none-eabi/lib/armv6-m\libc_s.a(lib_a-memcpy-stub.o)
                0x0000af74                memcpy
 .text.memmove  0x0000af86       0x32 c:/program files (x86)/arduino/hardware/tools/gcc-arm-none-eabi-4.8.3-2014q1/bin/../lib/gcc/arm-none-eabi/4.8.3/../../../../arm-none-eabi/lib/armv6-m\libc_s.a(lib_a-memmove.o)
                0x0000af86                memmove
 .text.memset   0x0000afb8       0x10 c:/program files (x86)/arduino/hardware/tools/gcc-arm-none-eabi-4.8.3-2014q1/bin/../lib/gcc/arm-none-eabi/4.8.3/../../../../arm-none-eabi/lib/armv6-m\libc_s.a(lib_a-memset.o)
                0x0000afb8                memset
 .text._free_r  0x0000afc8       0x90 c:/program files (x86)/arduino/hardware/tools/gcc-arm-none-eabi-4.8.3-2014q1/bin/../lib/gcc/arm-none-eabi/4.8.3/../../../../arm-none-eabi/lib/armv6-m\libc_s.a(lib_a-nano-freer.o)
                0x0000afc8                _free_r
 .text._malloc_r
                0x0000b058       0xa8 c:/program files (x86)/arduino/hardware/tools/gcc-arm-none-eabi-4.8.3-2014q1/bin/../lib/gcc/arm-none-eabi/4.8.3/../../../../arm-none-eabi/lib/armv6-m\libc_s.a(lib_a-nano-mallocr.o)
                0x0000b058                _malloc_r
 .text.printf   0x0000b100       0x34 c:/program files (x86)/arduino/hardware/tools/gcc-arm-none-eabi-4.8.3-2014q1/bin/../lib/gcc/arm-none-eabi/4.8.3/../../../../arm-none-eabi/lib/armv6-m\libc_s.a(lib_a-printf.o)
                0x0000b100                iprintf
                0x0000b100                printf
 .text.realloc  0x0000b134       0x18 c:/program files (x86)/arduino/hardware/tools/gcc-arm-none-eabi-4.8.3-2014q1/bin/../lib/gcc/arm-none-eabi/4.8.3/../../../../arm-none-eabi/lib/armv6-m\libc_s.a(lib_a-realloc.o)
                0x0000b134                realloc
 .text._sbrk_r  0x0000b14c       0x24 c:/program files (x86)/arduino/hardware/tools/gcc-arm-none-eabi-4.8.3-2014q1/bin/../lib/gcc/arm-none-eabi/4.8.3/../../../../arm-none-eabi/lib/armv6-m\libc_s.a(lib_a-sbrkr.o)
                0x0000b14c                _sbrk_r
 .text._raise_r
                0x0000b170       0x56 c:/program files (x86)/arduino/hardware/tools/gcc-arm-none-eabi-4.8.3-2014q1/bin/../lib/gcc/arm-none-eabi/4.8.3/../../../../arm-none-eabi/lib/armv6-m\libc_s.a(lib_a-signal.o)
                0x0000b170                _raise_r
 *fill*         0x0000b1c6        0x2 
 .text.raise    0x0000b1c8       0x14 c:/program files (x86)/arduino/hardware/tools/gcc-arm-none-eabi-4.8.3-2014q1/bin/../lib/gcc/arm-none-eabi/4.8.3/../../../../arm-none-eabi/lib/armv6-m\libc_s.a(lib_a-signal.o)
                0x0000b1c8                raise
 .text._kill_r  0x0000b1dc       0x24 c:/program files (x86)/arduino/hardware/tools/gcc-arm-none-eabi-4.8.3-2014q1/bin/../lib/gcc/arm-none-eabi/4.8.3/../../../../arm-none-eabi/lib/armv6-m\libc_s.a(lib_a-signalr.o)
                0x0000b1dc                _kill_r
 .text._getpid_r
                0x0000b200        0x8 c:/program files (x86)/arduino/hardware/tools/gcc-arm-none-eabi-4.8.3-2014q1/bin/../lib/gcc/arm-none-eabi/4.8.3/../../../../arm-none-eabi/lib/armv6-m\libc_s.a(lib_a-signalr.o)
                0x0000b200                _getpid_r
 .text.sprintf  0x0000b208       0x44 c:/program files (x86)/arduino/hardware/tools/gcc-arm-none-eabi-4.8.3-2014q1/bin/../lib/gcc/arm-none-eabi/4.8.3/../../../../arm-none-eabi/lib/armv6-m\libc_s.a(lib_a-sprintf.o)
                0x0000b208                siprintf
                0x0000b208                sprintf
 .text.strchr   0x0000b24c       0x18 c:/program files (x86)/arduino/hardware/tools/gcc-arm-none-eabi-4.8.3-2014q1/bin/../lib/gcc/arm-none-eabi/4.8.3/../../../../arm-none-eabi/lib/armv6-m\libc_s.a(lib_a-strchr.o)
                0x0000b24c                strchr
 .text          0x0000b264       0x14 c:/program files (x86)/arduino/hardware/tools/gcc-arm-none-eabi-4.8.3-2014q1/bin/../lib/gcc/arm-none-eabi/4.8.3/../../../../arm-none-eabi/lib/armv6-m\libc_s.a(lib_a-strcmp.o)
                0x0000b264                strcmp
 .text.strcpy   0x0000b278       0x10 c:/program files (x86)/arduino/hardware/tools/gcc-arm-none-eabi-4.8.3-2014q1/bin/../lib/gcc/arm-none-eabi/4.8.3/../../../../arm-none-eabi/lib/armv6-m\libc_s.a(lib_a-strcpy.o)
                0x0000b278                strcpy
 .text.strlen   0x0000b288        0xe c:/program files (x86)/arduino/hardware/tools/gcc-arm-none-eabi-4.8.3-2014q1/bin/../lib/gcc/arm-none-eabi/4.8.3/../../../../arm-none-eabi/lib/armv6-m\libc_s.a(lib_a-strlen.o)
                0x0000b288                strlen
 .text.strncmp  0x0000b296       0x2c c:/program files (x86)/arduino/hardware/tools/gcc-arm-none-eabi-4.8.3-2014q1/bin/../lib/gcc/arm-none-eabi/4.8.3/../../../../arm-none-eabi/lib/armv6-m\libc_s.a(lib_a-strncmp.o)
                0x0000b296                strncmp
 .text.strncpy  0x0000b2c2       0x28 c:/program files (x86)/arduino/hardware/tools/gcc-arm-none-eabi-4.8.3-2014q1/bin/../lib/gcc/arm-none-eabi/4.8.3/../../../../arm-none-eabi/lib/armv6-m\libc_s.a(lib_a-strncpy.o)
                0x0000b2c2                strncpy
 .text.strstr   0x0000b2ea       0x32 c:/program files (x86)/arduino/hardware/tools/gcc-arm-none-eabi-4.8.3-2014q1/bin/../lib/gcc/arm-none-eabi/4.8.3/../../../../arm-none-eabi/lib/armv6-m\libc_s.a(lib_a-strstr.o)
                0x0000b2ea                strstr
 .text.match    0x0000b31c       0x28 c:/program files (x86)/arduino/hardware/tools/gcc-arm-none-eabi-4.8.3-2014q1/bin/../lib/gcc/arm-none-eabi/4.8.3/../../../../arm-none-eabi/lib/armv6-m\libc_s.a(lib_a-strtod.o)
 .text.unlikely.sulp
                0x0000b344       0x2c c:/program files (x86)/arduino/hardware/tools/gcc-arm-none-eabi-4.8.3-2014q1/bin/../lib/gcc/arm-none-eabi/4.8.3/../../../../arm-none-eabi/lib/armv6-m\libc_s.a(lib_a-strtod.o)
 .text._strtod_r
                0x0000b370      0xc50 c:/program files (x86)/arduino/hardware/tools/gcc-arm-none-eabi-4.8.3-2014q1/bin/../lib/gcc/arm-none-eabi/4.8.3/../../../../arm-none-eabi/lib/armv6-m\libc_s.a(lib_a-strtod.o)
                0x0000b370                _strtod_r
 .text.strtod   0x0000bfc0       0x18 c:/program files (x86)/arduino/hardware/tools/gcc-arm-none-eabi-4.8.3-2014q1/bin/../lib/gcc/arm-none-eabi/4.8.3/../../../../arm-none-eabi/lib/armv6-m\libc_s.a(lib_a-strtod.o)
                0x0000bfc0                strtod
 .text._strtol_r
                0x0000bfd8      0x114 c:/program files (x86)/arduino/hardware/tools/gcc-arm-none-eabi-4.8.3-2014q1/bin/../lib/gcc/arm-none-eabi/4.8.3/../../../../arm-none-eabi/lib/armv6-m\libc_s.a(lib_a-strtol.o)
                0x0000bfd8                _strtol_r
 .text.strtol   0x0000c0ec       0x1c c:/program files (x86)/arduino/hardware/tools/gcc-arm-none-eabi-4.8.3-2014q1/bin/../lib/gcc/arm-none-eabi/4.8.3/../../../../arm-none-eabi/lib/armv6-m\libc_s.a(lib_a-strtol.o)
                0x0000c0ec                strtol
 .text.__ssputs_r
                0x0000c108       0xc0 c:/program files (x86)/arduino/hardware/tools/gcc-arm-none-eabi-4.8.3-2014q1/bin/../lib/gcc/arm-none-eabi/4.8.3/../../../../arm-none-eabi/lib/armv6-m\libc_s.a(lib_a-svfprintf.o)
                0x0000c108                __ssputs_r
 .text._svfprintf_r
                0x0000c1c8      0x1e0 c:/program files (x86)/arduino/hardware/tools/gcc-arm-none-eabi-4.8.3-2014q1/bin/../lib/gcc/arm-none-eabi/4.8.3/../../../../arm-none-eabi/lib/armv6-m\libc_s.a(lib_a-svfprintf.o)
                0x0000c1c8                _svfiprintf_r
                0x0000c1c8                _svfprintf_r
 .text.__sfputc_r
                0x0000c3a8       0x2a c:/program files (x86)/arduino/hardware/tools/gcc-arm-none-eabi-4.8.3-2014q1/bin/../lib/gcc/arm-none-eabi/4.8.3/../../../../arm-none-eabi/lib/armv6-m\libc_s.a(lib_a-vfprintf.o)
 .text.__sfputs_r
                0x0000c3d2       0x24 c:/program files (x86)/arduino/hardware/tools/gcc-arm-none-eabi-4.8.3-2014q1/bin/../lib/gcc/arm-none-eabi/4.8.3/../../../../arm-none-eabi/lib/armv6-m\libc_s.a(lib_a-vfprintf.o)
                0x0000c3d2                __sfputs_r
 *fill*         0x0000c3f6        0x2 
 .text._vfprintf_r
                0x0000c3f8      0x210 c:/program files (x86)/arduino/hardware/tools/gcc-arm-none-eabi-4.8.3-2014q1/bin/../lib/gcc/arm-none-eabi/4.8.3/../../../../arm-none-eabi/lib/armv6-m\libc_s.a(lib_a-vfprintf.o)
                0x0000c3f8                _vfprintf_r
                0x0000c3f8                _vfiprintf_r
 .text.__cvt    0x0000c608       0xd0 c:/program files (x86)/arduino/hardware/tools/gcc-arm-none-eabi-4.8.3-2014q1/bin/../lib/gcc/arm-none-eabi/4.8.3/../../../../arm-none-eabi/lib/armv6-m\libc_s.a(lib_a-vfprintf_float.o)
                0x0000c608                __cvt
 .text.__exponent
                0x0000c6d8       0x6a c:/program files (x86)/arduino/hardware/tools/gcc-arm-none-eabi-4.8.3-2014q1/bin/../lib/gcc/arm-none-eabi/4.8.3/../../../../arm-none-eabi/lib/armv6-m\libc_s.a(lib_a-vfprintf_float.o)
                0x0000c6d8                __exponent
 *fill*         0x0000c742        0x6 
 .text._printf_float
                0x0000c748      0x458 c:/program files (x86)/arduino/hardware/tools/gcc-arm-none-eabi-4.8.3-2014q1/bin/../lib/gcc/arm-none-eabi/4.8.3/../../../../arm-none-eabi/lib/armv6-m\libc_s.a(lib_a-vfprintf_float.o)
                0x0000c748                _printf_float
 .text._printf_common
                0x0000cba0       0xe8 c:/program files (x86)/arduino/hardware/tools/gcc-arm-none-eabi-4.8.3-2014q1/bin/../lib/gcc/arm-none-eabi/4.8.3/../../../../arm-none-eabi/lib/armv6-m\libc_s.a(lib_a-vfprintf_i.o)
                0x0000cba0                _printf_common
 .text._printf_i
                0x0000cc88      0x22c c:/program files (x86)/arduino/hardware/tools/gcc-arm-none-eabi-4.8.3-2014q1/bin/../lib/gcc/arm-none-eabi/4.8.3/../../../../arm-none-eabi/lib/armv6-m\libc_s.a(lib_a-vfprintf_i.o)
                0x0000cc88                _printf_i
 .text.__swbuf_r
                0x0000ceb4       0xb0 c:/program files (x86)/arduino/hardware/tools/gcc-arm-none-eabi-4.8.3-2014q1/bin/../lib/gcc/arm-none-eabi/4.8.3/../../../../arm-none-eabi/lib/armv6-m\libc_s.a(lib_a-wbuf.o)
                0x0000ceb4                __swbuf_r
 .text._write_r
                0x0000cf64       0x28 c:/program files (x86)/arduino/hardware/tools/gcc-arm-none-eabi-4.8.3-2014q1/bin/../lib/gcc/arm-none-eabi/4.8.3/../../../../arm-none-eabi/lib/armv6-m\libc_s.a(lib_a-writer.o)
                0x0000cf64                _write_r
 .text.__swsetup_r
                0x0000cf8c       0xe4 c:/program files (x86)/arduino/hardware/tools/gcc-arm-none-eabi-4.8.3-2014q1/bin/../lib/gcc/arm-none-eabi/4.8.3/../../../../arm-none-eabi/lib/armv6-m\libc_s.a(lib_a-wsetup.o)
                0x0000cf8c                __swsetup_r
 .text.quorem   0x0000d070      0x118 c:/program files (x86)/arduino/hardware/tools/gcc-arm-none-eabi-4.8.3-2014q1/bin/../lib/gcc/arm-none-eabi/4.8.3/../../../../arm-none-eabi/lib/armv6-m\libc_s.a(lib_a-dtoa.o)
 .text._dtoa_r  0x0000d188      0xbb8 c:/program files (x86)/arduino/hardware/tools/gcc-arm-none-eabi-4.8.3-2014q1/bin/../lib/gcc/arm-none-eabi/4.8.3/../../../../arm-none-eabi/lib/armv6-m\libc_s.a(lib_a-dtoa.o)
                0x0000d188                _dtoa_r
 .text.__sflush_r
                0x0000dd40      0x112 c:/program files (x86)/arduino/hardware/tools/gcc-arm-none-eabi-4.8.3-2014q1/bin/../lib/gcc/arm-none-eabi/4.8.3/../../../../arm-none-eabi/lib/armv6-m\libc_s.a(lib_a-fflush.o)
                0x0000dd40                __sflush_r
 *fill*         0x0000de52        0x2 
 .text._fflush_r
                0x0000de54       0x58 c:/program files (x86)/arduino/hardware/tools/gcc-arm-none-eabi-4.8.3-2014q1/bin/../lib/gcc/arm-none-eabi/4.8.3/../../../../arm-none-eabi/lib/armv6-m\libc_s.a(lib_a-fflush.o)
                0x0000de54                _fflush_r
 .text._cleanup_r
                0x0000deac       0x34 c:/program files (x86)/arduino/hardware/tools/gcc-arm-none-eabi-4.8.3-2014q1/bin/../lib/gcc/arm-none-eabi/4.8.3/../../../../arm-none-eabi/lib/armv6-m\libc_s.a(lib_a-findfp.o)
                0x0000deac                _cleanup_r
 .text.std.isra.0
                0x0000dee0       0x48 c:/program files (x86)/arduino/hardware/tools/gcc-arm-none-eabi-4.8.3-2014q1/bin/../lib/gcc/arm-none-eabi/4.8.3/../../../../arm-none-eabi/lib/armv6-m\libc_s.a(lib_a-findfp.o)
 .text.__sfmoreglue
                0x0000df28       0x2c c:/program files (x86)/arduino/hardware/tools/gcc-arm-none-eabi-4.8.3-2014q1/bin/../lib/gcc/arm-none-eabi/4.8.3/../../../../arm-none-eabi/lib/armv6-m\libc_s.a(lib_a-findfp.o)
                0x0000df28                __sfmoreglue
 .text.__sinit  0x0000df54       0x64 c:/program files (x86)/arduino/hardware/tools/gcc-arm-none-eabi-4.8.3-2014q1/bin/../lib/gcc/arm-none-eabi/4.8.3/../../../../arm-none-eabi/lib/armv6-m\libc_s.a(lib_a-findfp.o)
                0x0000df54                __sinit
 .text.__sfp    0x0000dfb8       0x7c c:/program files (x86)/arduino/hardware/tools/gcc-arm-none-eabi-4.8.3-2014q1/bin/../lib/gcc/arm-none-eabi/4.8.3/../../../../arm-none-eabi/lib/armv6-m\libc_s.a(lib_a-findfp.o)
                0x0000dfb8                __sfp
 .text.rshift   0x0000e034       0x6c c:/program files (x86)/arduino/hardware/tools/gcc-arm-none-eabi-4.8.3-2014q1/bin/../lib/gcc/arm-none-eabi/4.8.3/../../../../arm-none-eabi/lib/armv6-m\libc_s.a(lib_a-gdtoa-gethex.o)
 .text.__hexdig_fun
                0x0000e0a0       0x2a c:/program files (x86)/arduino/hardware/tools/gcc-arm-none-eabi-4.8.3-2014q1/bin/../lib/gcc/arm-none-eabi/4.8.3/../../../../arm-none-eabi/lib/armv6-m\libc_s.a(lib_a-gdtoa-gethex.o)
                0x0000e0a0                __hexdig_fun
 .text.__gethex
                0x0000e0ca      0x43c c:/program files (x86)/arduino/hardware/tools/gcc-arm-none-eabi-4.8.3-2014q1/bin/../lib/gcc/arm-none-eabi/4.8.3/../../../../arm-none-eabi/lib/armv6-m\libc_s.a(lib_a-gdtoa-gethex.o)
                0x0000e0ca                __gethex
 .text.L_shift  0x0000e506       0x24 c:/program files (x86)/arduino/hardware/tools/gcc-arm-none-eabi-4.8.3-2014q1/bin/../lib/gcc/arm-none-eabi/4.8.3/../../../../arm-none-eabi/lib/armv6-m\libc_s.a(lib_a-gdtoa-hexnan.o)
 .text.__hexnan
                0x0000e52a      0x132 c:/program files (x86)/arduino/hardware/tools/gcc-arm-none-eabi-4.8.3-2014q1/bin/../lib/gcc/arm-none-eabi/4.8.3/../../../../arm-none-eabi/lib/armv6-m\libc_s.a(lib_a-gdtoa-hexnan.o)
                0x0000e52a                __hexnan
 .text._localeconv_r